{'action': 'delete literal 3:G', 'productive': 3, 'clauses': 7, 'symbols': 7, 'mass': 25}
{'action': 'delete literal 4:S4', 'productive': 3, 'clauses': 7, 'symbols': 6, 'mass': 24}
{'action': 'delete literal 5:S3', 'productive': 3, 'clauses': 7, 'symbols': 6, 'mass': 23}
{'action': 'delete literal 4:S3', 'productive': 3, 'clauses': 7, 'symbols': 5, 'mass': 22}
FINAL {'productive': 3, 'order_only': 1, 'mass': [22, 21, 20, 19, 19, 19]}
{
  "domains": {
    "G": [
      "g0",
      "g1",
      "g2",
      "g3"
    ],
    "T": [
      "0",
      "1"
    ],
    "S0": [
      "0",
      "1"
    ],
    "S1": [
      "0",
      "1"
    ],
    "S2": [
      "0",
      "1"
    ]
  },
  "clauses": [
    {
      "S0": [
        "0"
      ],
      "S1": [
        "0"
      ]
    },
    {
      "S0": [
        "1"
      ],
      "T": [
        "1"
      ],
      "G": [
        "g0"
      ]
    },
    {
      "S1": [
        "1"
      ],
      "T": [
        "1"
      ],
      "G": [
        "g1"
      ]
    },
    {
      "S2": [
        "1"
      ],
      "T": [
        "1"
      ]
    },
    {
      "T": [
        "0"
      ],
      "G": [
        "g0",
        "g1",
        "g2"
      ]
    },
    {
      "S2": [
        "0"
      ],
      "T": [
        "0"
      ],
      "G": [
        "g0",
        "g1"
      ]
    },
    {
      "S1": [
        "0"
      ],
      "S2": [
        "0"
      ],
      "T": [
        "0"
      ],
      "G": [
        "g0"
      ]
    }
  ]
}
