Reading package lists...
Building dependency tree...
Reading state information...
Solving dependencies...
The following package was automatically installed and is no longer required:
  rpcsvc-proto
Use 'apt autoremove' to remove it.
The following additional packages will be installed:
  fonts-font-awesome fonts-font-awesome-legacy fonts-glyphicons-halflings
  fonts-mathjax git git-man javascript-common libc-bin libc-dev-bin
  libc-gconv-modules-extra libc-l10n libc6 libc6-dev libcurl3t64-gnutls
  libcurl4-gnutls libcurl4t64 liberror-perl libgit2-1.9 libjs-bootstrap
  libjs-bootstrap4 libjs-bootswatch libjs-d3 libjs-es5-shim libjs-highlight.js
  libjs-jquery libjs-jquery-datatables libjs-jquery-selectize.js
  libjs-jquery-ui libjs-json libjs-mathjax libjs-microplugin.js
  libjs-modernizr libjs-popper.js libjs-prettify libjs-sifter.js
  libjs-twitter-bootstrap-datepicker libllhttp9.4 liblua5.4-0 libngtcp2-16
  libngtcp2-crypto-gnutls8 libngtcp2-crypto-ossl0 libnuma1 libuv1t64
  libwebpmux3 libxml2-16 libyaml-0-2 locales node-bootstrap-sass
  node-html5shiv node-normalize.css pandoc pandoc-data r-cran-askpass
  r-cran-base64enc r-cran-brew r-cran-brio r-cran-bslib r-cran-cachem
  r-cran-callr r-cran-cli r-cran-clipr r-cran-commonmark r-cran-cpp11
  r-cran-crayon r-cran-credentials r-cran-curl r-cran-desc r-cran-diffobj
  r-cran-digest r-cran-downlit r-cran-ellipsis r-cran-evaluate r-cran-fansi
  r-cran-fastmap r-cran-fontawesome r-cran-fs r-cran-gert r-cran-gh
  r-cran-gitcreds r-cran-glue r-cran-highr r-cran-htmltools r-cran-htmlwidgets
  r-cran-httpuv r-cran-httr2 r-cran-ini r-cran-jquerylib r-cran-jsonlite
  r-cran-knitr r-cran-later r-cran-lifecycle r-cran-magrittr r-cran-memoise
  r-cran-mime r-cran-miniui r-cran-openssl r-cran-otel r-cran-pillar
  r-cran-pkgbuild r-cran-pkgconfig r-cran-pkgdown r-cran-pkgkitten
  r-cran-pkgload r-cran-praise r-cran-prettyunits r-cran-processx
  r-cran-profvis r-cran-promises r-cran-ps r-cran-purrr r-cran-r6 r-cran-ragg
  r-cran-rappdirs r-cran-rcmdcheck r-cran-rcpp r-cran-rdtools r-cran-remotes
  r-cran-rlang r-cran-rmarkdown r-cran-roxygen2 r-cran-rprojroot
  r-cran-rstudioapi r-cran-rversions r-cran-sass r-cran-sessioninfo
  r-cran-shiny r-cran-sourcetools r-cran-stringi r-cran-sys r-cran-systemfonts
  r-cran-textshaping r-cran-tibble r-cran-tinytex r-cran-urlchecker
  r-cran-usethis r-cran-utf8 r-cran-vctrs r-cran-waldo r-cran-whisker
  r-cran-withr r-cran-xfun r-cran-xml2 r-cran-xopen r-cran-xtable r-cran-yaml
  r-cran-zip r-pkg-team-core-architecture
Suggested packages:
  node-fortawesome-fontawesome-free gettext-base git-doc git-email git-gui
  gitk gitweb git-cvs git-svn apache2 | lighttpd | httpd libjs-jquery-ui-docs
  fonts-mathjax-extras fonts-stix libjs-mathjax-doc nodejs
  citation-style-language-styles context ghc groff libjs-katex librsvg2-bin
  pandoc-citeproc php python3 ruby texlive-latex-extra
  texlive-latex-recommended texlive-luatex texlive-xetex wkhtmltopdf
  r-cran-inline
Recommended packages:
  ssh-client node-jquery node-highlight.js
The following NEW packages will be installed:
  fonts-font-awesome fonts-font-awesome-legacy fonts-glyphicons-halflings
  fonts-mathjax git git-man javascript-common libcurl3t64-gnutls
  libcurl4-gnutls liberror-perl libgit2-1.9 libjs-bootstrap libjs-bootstrap4
  libjs-bootswatch libjs-d3 libjs-es5-shim libjs-highlight.js libjs-jquery
  libjs-jquery-datatables libjs-jquery-selectize.js libjs-jquery-ui libjs-json
  libjs-mathjax libjs-microplugin.js libjs-modernizr libjs-popper.js
  libjs-prettify libjs-sifter.js libjs-twitter-bootstrap-datepicker
  libllhttp9.4 liblua5.4-0 libngtcp2-crypto-gnutls8 libnuma1 libuv1t64
  libwebpmux3 libxml2-16 libyaml-0-2 node-bootstrap-sass node-html5shiv
  node-normalize.css pandoc pandoc-data r-cran-askpass r-cran-base64enc
  r-cran-brew r-cran-brio r-cran-bslib r-cran-cachem r-cran-callr r-cran-cli
  r-cran-clipr r-cran-commonmark r-cran-cpp11 r-cran-crayon r-cran-credentials
  r-cran-curl r-cran-desc r-cran-devtools r-cran-diffobj r-cran-digest
  r-cran-downlit r-cran-ellipsis r-cran-evaluate r-cran-fansi r-cran-fastmap
  r-cran-fontawesome r-cran-fs r-cran-gert r-cran-gh r-cran-gitcreds
  r-cran-glue r-cran-highr r-cran-htmltools r-cran-htmlwidgets r-cran-httpuv
  r-cran-httr2 r-cran-ini r-cran-jquerylib r-cran-jsonlite r-cran-knitr
  r-cran-later r-cran-lifecycle r-cran-magrittr r-cran-memoise r-cran-mime
  r-cran-miniui r-cran-openssl r-cran-otel r-cran-pillar r-cran-pkgbuild
  r-cran-pkgconfig r-cran-pkgdown r-cran-pkgkitten r-cran-pkgload
  r-cran-praise r-cran-prettyunits r-cran-processx r-cran-profvis
  r-cran-promises r-cran-ps r-cran-purrr r-cran-r6 r-cran-ragg r-cran-rappdirs
  r-cran-rcmdcheck r-cran-rcpp r-cran-rdtools r-cran-remotes r-cran-rlang
  r-cran-rmarkdown r-cran-roxygen2 r-cran-rprojroot r-cran-rstudioapi
  r-cran-rversions r-cran-sass r-cran-sessioninfo r-cran-shiny
  r-cran-sourcetools r-cran-stringi r-cran-sys r-cran-systemfonts
  r-cran-testthat r-cran-textshaping r-cran-tibble r-cran-tinytex
  r-cran-urlchecker r-cran-usethis r-cran-utf8 r-cran-vctrs r-cran-waldo
  r-cran-whisker r-cran-withr r-cran-xfun r-cran-xml2 r-cran-xopen
  r-cran-xtable r-cran-yaml r-cran-zip r-pkg-team-core-architecture
The following packages will be upgraded:
  libc-bin libc-dev-bin libc-gconv-modules-extra libc-l10n libc6 libc6-dev
  libcurl4t64 libngtcp2-16 libngtcp2-crypto-ossl0 locales
10 upgraded, 139 newly installed, 0 to remove and 136 not upgraded.
Need to get 114 MB of archives.
After this operation, 440 MB of additional disk space will be used.
Get:1 http://deb.debian.org/debian testing/main amd64 libc-gconv-modules-extra amd64 2.43-4 [1,101 kB]
Get:2 http://deb.debian.org/debian testing/main amd64 libc-l10n all 2.43-4 [750 kB]
Get:3 http://deb.debian.org/debian testing/main amd64 locales all 2.43-4 [3,911 kB]
Get:4 http://deb.debian.org/debian testing/main amd64 libc6 amd64 2.43-4 [1,866 kB]
Get:5 http://deb.debian.org/debian testing/main amd64 libc-bin amd64 2.43-4 [620 kB]
Get:6 http://deb.debian.org/debian testing/main amd64 libc-dev-bin amd64 2.43-4 [38.9 kB]
Get:7 http://deb.debian.org/debian testing/main amd64 libc6-dev amd64 2.43-4 [2,067 kB]
Get:8 http://deb.debian.org/debian sid/main amd64 fonts-font-awesome-legacy all 6-3 [1,547 kB]
Get:9 http://deb.debian.org/debian sid/main amd64 fonts-font-awesome all 7.3.0+dfsg-1 [677 kB]
Get:10 http://deb.debian.org/debian sid/main amd64 fonts-glyphicons-halflings all 1.009~3.4.1+dfsg-7 [163 kB]
Get:11 http://deb.debian.org/debian sid/main amd64 fonts-mathjax all 2.7.9+dfsg-1 [2,210 kB]
Get:12 http://deb.debian.org/debian sid/main amd64 libngtcp2-16 amd64 1.24.0-1 [145 kB]
Get:13 http://deb.debian.org/debian sid/main amd64 libngtcp2-crypto-gnutls8 amd64 1.24.0-1 [23.9 kB]
Get:14 http://deb.debian.org/debian testing/main amd64 libcurl4-gnutls amd64 8.21.0-2 [416 kB]
Get:15 http://deb.debian.org/debian testing/main amd64 libcurl3t64-gnutls amd64 8.21.0-2 [17.0 kB]
Get:16 http://deb.debian.org/debian sid/main amd64 liberror-perl all 0.17030-1 [26.9 kB]
Get:17 http://deb.debian.org/debian testing/main amd64 git-man all 1:2.53.0-1 [2,326 kB]
Get:18 http://deb.debian.org/debian testing/main amd64 git amd64 1:2.53.0-1 [9,410 kB]
Get:19 http://deb.debian.org/debian sid/main amd64 javascript-common all 12+nmu1 [4,864 B]
Get:20 http://deb.debian.org/debian sid/main amd64 libngtcp2-crypto-ossl0 amd64 1.24.0-1 [26.5 kB]
Get:21 http://deb.debian.org/debian testing/main amd64 libcurl4t64 amd64 8.21.0-2 [422 kB]
Get:22 http://deb.debian.org/debian sid/main amd64 libllhttp9.4 amd64 9.4.3+~cs12.11.9-2 [30.5 kB]
Get:23 http://deb.debian.org/debian sid/main amd64 libgit2-1.9 amd64 1.9.7+ds-1 [607 kB]
Get:24 http://deb.debian.org/debian sid/main amd64 libjs-bootstrap all 3.4.1+dfsg-7 [173 kB]
Get:25 http://deb.debian.org/debian sid/main amd64 libjs-popper.js all 1.16.1+ds-7 [52.3 kB]
Get:26 http://deb.debian.org/debian sid/main amd64 libjs-bootstrap4 all 4.6.2+dfsg-3 [485 kB]
Get:27 http://deb.debian.org/debian sid/main amd64 libjs-bootswatch all 3.4.1+1+dfsg-0.1 [361 kB]
Get:28 http://deb.debian.org/debian sid/main amd64 libjs-d3 all 3.5.17-4 [132 kB]
Get:29 http://deb.debian.org/debian sid/main amd64 libjs-es5-shim all 4.6.7-2 [47.4 kB]
Get:30 http://deb.debian.org/debian sid/main amd64 libjs-highlight.js all 10.7.3+dfsg-6 [177 kB]
Get:31 http://deb.debian.org/debian sid/main amd64 libjs-jquery all 3.7.1+dfsg+~3.5.33-1 [319 kB]
Get:32 http://deb.debian.org/debian sid/main amd64 libjs-jquery-datatables all 1.11.5+dfsg-2 [144 kB]
Get:33 http://deb.debian.org/debian sid/main amd64 libjs-sifter.js all 0.6.0+dfsg-3 [12.2 kB]
Get:34 http://deb.debian.org/debian sid/main amd64 libjs-microplugin.js all 0.0.3+dfsg-2 [4,008 B]
Get:35 http://deb.debian.org/debian sid/main amd64 libjs-jquery-selectize.js all 0.12.6+dfsg-1.1 [52.1 kB]
Get:36 http://deb.debian.org/debian sid/main amd64 libjs-jquery-ui all 1.14.2+dfsg-1 [245 kB]
Get:37 http://deb.debian.org/debian sid/main amd64 libjs-json all 0~20221030+~1.0.8-1 [20.0 kB]
Get:38 http://deb.debian.org/debian sid/main amd64 libjs-mathjax all 2.7.9+dfsg-1 [5,667 kB]
Get:39 http://deb.debian.org/debian sid/main amd64 libjs-modernizr all 3.13.0-0.1 [191 kB]
Get:40 http://deb.debian.org/debian sid/main amd64 libjs-prettify all 2015.12.04+dfsg-3 [42.0 kB]
Get:41 http://deb.debian.org/debian sid/main amd64 libjs-twitter-bootstrap-datepicker all 1.3.1+dfsg1-4.1 [32.1 kB]
Get:42 http://deb.debian.org/debian sid/main amd64 liblua5.4-0 amd64 5.4.9-1 [152 kB]
Get:43 http://deb.debian.org/debian sid/main amd64 libnuma1 amd64 2.0.19-1+b2 [22.0 kB]
Get:44 http://deb.debian.org/debian sid/main amd64 libuv1t64 amd64 1.52.1-4 [158 kB]
Get:45 http://deb.debian.org/debian sid/main amd64 libwebpmux3 amd64 1.5.0-0.1+b2 [126 kB]
Get:46 http://deb.debian.org/debian testing/main amd64 libxml2-16 amd64 2.15.3+dfsg-1+b1 [682 kB]
Get:47 http://deb.debian.org/debian sid/main amd64 libyaml-0-2 amd64 0.2.5-2+b1 [53.8 kB]
Get:48 http://deb.debian.org/debian sid/main amd64 node-bootstrap-sass all 3.4.3-2 [186 kB]
Get:49 http://deb.debian.org/debian sid/main amd64 node-html5shiv all 3.7.3+dfsg-5 [13.2 kB]
Get:50 http://deb.debian.org/debian sid/main amd64 node-normalize.css all 8.0.1-5.1 [12.4 kB]
Get:51 http://deb.debian.org/debian testing/main amd64 pandoc-data all 3.10.2-1 [535 kB]
Get:52 http://deb.debian.org/debian testing/main amd64 pandoc amd64 3.10.2-1 [29.0 MB]
Get:53 http://deb.debian.org/debian sid/main amd64 r-cran-sys amd64 3.4.3-3 [44.4 kB]
Get:54 http://deb.debian.org/debian sid/main amd64 r-cran-askpass amd64 1.2.1-3 [24.5 kB]
Get:55 http://deb.debian.org/debian sid/main amd64 r-cran-base64enc amd64 0.1-6-2 [30.7 kB]
Get:56 http://deb.debian.org/debian sid/main amd64 r-cran-brew all 1.0-10-2 [70.6 kB]
Get:57 http://deb.debian.org/debian sid/main amd64 r-cran-brio amd64 1.1.5-3 [39.5 kB]
Get:58 http://deb.debian.org/debian sid/main amd64 r-cran-rlang amd64 1.3.0-1 [1,742 kB]
Get:59 http://deb.debian.org/debian sid/main amd64 r-cran-fastmap amd64 1.2.0-3 [79.8 kB]
Get:60 http://deb.debian.org/debian sid/main amd64 r-cran-cachem amd64 1.1.0-3 [79.6 kB]
Get:61 http://deb.debian.org/debian sid/main amd64 r-cran-digest amd64 0.6.39-1 [212 kB]
Get:62 http://deb.debian.org/debian sid/main amd64 r-cran-htmltools amd64 0.5.9-2 [377 kB]
Get:63 http://deb.debian.org/debian sid/main amd64 r-cran-jquerylib all 0.1.4+dfsg-6 [14.1 kB]
Get:64 http://deb.debian.org/debian sid/main amd64 r-cran-jsonlite amd64 2.0.0+dfsg-2 [447 kB]
Get:65 http://deb.debian.org/debian sid/main amd64 r-cran-cli amd64 3.6.6-1 [1,391 kB]
Get:66 http://deb.debian.org/debian sid/main amd64 r-cran-lifecycle all 1.0.5+dfsg-1 [120 kB]
Get:67 http://deb.debian.org/debian sid/main amd64 r-cran-memoise all 2.0.1-2 [54.3 kB]
Get:68 http://deb.debian.org/debian sid/main amd64 r-cran-mime amd64 0.13-2 [47.5 kB]
Get:69 http://deb.debian.org/debian sid/main amd64 r-cran-fs amd64 2.1.0+dfsg-1 [259 kB]
Get:70 http://deb.debian.org/debian sid/main amd64 r-cran-r6 all 2.6.1-2 [106 kB]
Get:71 http://deb.debian.org/debian sid/main amd64 r-cran-rappdirs amd64 0.3.4-2 [50.4 kB]
Get:72 http://deb.debian.org/debian sid/main amd64 r-cran-sass amd64 0.4.10+dfsg-3 [1,023 kB]
Get:73 http://deb.debian.org/debian sid/main amd64 r-cran-bslib all 0.10.0+dfsg-1 [5,074 kB]
Get:74 http://deb.debian.org/debian sid/main amd64 r-cran-otel all 0.2.0-1 [293 kB]
Get:75 http://deb.debian.org/debian sid/main amd64 r-cran-ps amd64 1.9.3-1 [420 kB]
Get:76 http://deb.debian.org/debian sid/main amd64 r-cran-processx amd64 3.9.0-1 [446 kB]
Get:77 http://deb.debian.org/debian sid/main amd64 r-cran-callr all 3.8.0-1 [491 kB]
Get:78 http://deb.debian.org/debian sid/main amd64 r-cran-clipr all 0.8.1-1 [57.3 kB]
Get:79 http://deb.debian.org/debian sid/main amd64 r-cran-commonmark amd64 2.0.0-3 [124 kB]
Get:80 http://deb.debian.org/debian sid/main amd64 r-cran-cpp11 all 0.5.5-1 [236 kB]
Get:81 http://deb.debian.org/debian sid/main amd64 r-cran-crayon all 1.5.3-2 [164 kB]
Get:82 http://deb.debian.org/debian sid/main amd64 r-cran-openssl amd64 2.4.2+dfsg-1 [402 kB]
Get:83 http://deb.debian.org/debian sid/main amd64 r-cran-curl amd64 7.1.0+dfsg-2 [203 kB]
Get:84 http://deb.debian.org/debian sid/main amd64 r-cran-credentials all 2.0.3-1 [217 kB]
Get:85 http://deb.debian.org/debian sid/main amd64 r-cran-desc all 1.4.3-2 [357 kB]
Get:86 http://deb.debian.org/debian sid/main amd64 r-cran-rstudioapi all 0.19.0-1 [345 kB]
Get:87 http://deb.debian.org/debian sid/main amd64 r-cran-zip amd64 3.0.2-1 [230 kB]
Get:88 http://deb.debian.org/debian sid/main amd64 r-pkg-team-core-architecture amd64 20260707 [4,764 B]
Get:89 http://deb.debian.org/debian sid/main amd64 r-cran-gert amd64 2.4.1+dfsg-1 [309 kB]
Get:90 http://deb.debian.org/debian sid/main amd64 r-cran-gitcreds all 0.1.2-2 [94.2 kB]
Get:91 http://deb.debian.org/debian sid/main amd64 r-cran-glue amd64 1.8.1-2 [172 kB]
Get:92 http://deb.debian.org/debian sid/main amd64 r-cran-magrittr amd64 2.0.5-1 [209 kB]
Get:93 http://deb.debian.org/debian sid/main amd64 r-cran-vctrs amd64 0.7.3-2 [1,983 kB]
Get:94 http://deb.debian.org/debian sid/main amd64 r-cran-withr all 3.0.3+dfsg-1 [229 kB]
Get:95 http://deb.debian.org/debian sid/main amd64 r-cran-httr2 all 1.3.0-1 [996 kB]
Get:96 http://deb.debian.org/debian sid/main amd64 r-cran-ini all 0.3.1-3 [16.2 kB]
Get:97 http://deb.debian.org/debian sid/main amd64 r-cran-gh all 1.6.1-1 [186 kB]
Get:98 http://deb.debian.org/debian sid/main amd64 r-cran-purrr amd64 1.2.2-1 [575 kB]
Get:99 http://deb.debian.org/debian sid/main amd64 r-cran-rprojroot all 2.1.1-3 [134 kB]
Get:100 http://deb.debian.org/debian sid/main amd64 r-cran-whisker all 0.4.1-2 [63.1 kB]
Get:101 http://deb.debian.org/debian sid/main amd64 r-cran-yaml amd64 2.3.12-2 [120 kB]
Get:102 http://deb.debian.org/debian sid/main amd64 r-cran-usethis all 3.2.1-1 [962 kB]
Get:103 http://deb.debian.org/debian sid/main amd64 r-cran-ellipsis amd64 0.3.3-1 [26.5 kB]
Get:104 http://deb.debian.org/debian sid/main amd64 r-cran-fontawesome all 0.5.3-2 [1,311 kB]
Get:105 http://deb.debian.org/debian sid/main amd64 r-cran-pkgkitten all 0.2.4-1 [29.1 kB]
Get:106 http://deb.debian.org/debian sid/main amd64 r-cran-rcpp amd64 1.1.2-1 [2,168 kB]
Get:107 http://deb.debian.org/debian sid/main amd64 r-cran-later amd64 1.4.8+dfsg-3 [145 kB]
Get:108 http://deb.debian.org/debian sid/main amd64 r-cran-promises all 1.5.0+dfsg-3 [302 kB]
Get:109 http://deb.debian.org/debian sid/main amd64 r-cran-httpuv amd64 1.6.16+dfsg-1 [513 kB]
Get:110 http://deb.debian.org/debian sid/main amd64 r-cran-sourcetools amd64 0.1.7-2-2 [46.6 kB]
Get:111 http://deb.debian.org/debian sid/main amd64 r-cran-xtable all 1:1.8-8-1 [737 kB]
Get:112 http://deb.debian.org/debian sid/main amd64 r-cran-shiny all 1.13.0+dfsg-1 [3,057 kB]
Get:113 http://deb.debian.org/debian sid/main amd64 r-cran-miniui all 0.1.2-1 [37.4 kB]
Get:114 http://deb.debian.org/debian sid/main amd64 r-cran-pkgbuild all 1.4.8-1 [220 kB]
Get:115 http://deb.debian.org/debian sid/main amd64 r-cran-evaluate all 1.0.5-3 [118 kB]
Get:116 http://deb.debian.org/debian sid/main amd64 r-cran-fansi amd64 1.0.7-2 [798 kB]
Get:117 http://deb.debian.org/debian sid/main amd64 r-cran-downlit all 0.4.5-2 [126 kB]
Get:118 http://deb.debian.org/debian sid/main amd64 r-cran-systemfonts amd64 1.3.2-3 [692 kB]
Get:119 http://deb.debian.org/debian sid/main amd64 r-cran-stringi amd64 1.8.9-1 [906 kB]
Get:120 http://deb.debian.org/debian sid/main amd64 r-cran-textshaping amd64 1.0.5-2 [170 kB]
Get:121 http://deb.debian.org/debian sid/main amd64 r-cran-ragg amd64 1.5.2-2 [580 kB]
Get:122 http://deb.debian.org/debian sid/main amd64 r-cran-xfun amd64 0.60+dfsg-1 [672 kB]
Get:123 http://deb.debian.org/debian sid/main amd64 r-cran-highr all 0.12+dfsg-1 [38.3 kB]
Get:124 http://deb.debian.org/debian sid/main amd64 r-cran-knitr all 1.51+dfsg-2 [847 kB]
Get:125 http://deb.debian.org/debian sid/main amd64 r-cran-tinytex all 0.60-1 [155 kB]
Get:126 http://deb.debian.org/debian sid/main amd64 r-cran-rmarkdown all 2.31+dfsg-1 [1,472 kB]
Get:127 http://deb.debian.org/debian sid/main amd64 r-cran-utf8 amd64 1.2.6-2 [138 kB]
Get:128 http://deb.debian.org/debian sid/main amd64 r-cran-pillar all 1.11.1+dfsg-1 [457 kB]
Get:129 http://deb.debian.org/debian sid/main amd64 r-cran-pkgconfig all 2.0.3-3 [21.7 kB]
Get:130 http://deb.debian.org/debian sid/main amd64 r-cran-tibble amd64 3.3.1+dfsg-2 [452 kB]
Get:131 http://deb.debian.org/debian sid/main amd64 r-cran-xml2 amd64 1.6.0-1 [329 kB]
Get:132 http://deb.debian.org/debian sid/main amd64 r-cran-pkgdown all 2.2.0-1 [1,414 kB]
Get:133 http://deb.debian.org/debian sid/main amd64 r-cran-pkgload all 1.5.3-1 [256 kB]
Get:134 http://deb.debian.org/debian sid/main amd64 r-cran-htmlwidgets all 1.6.4+dfsg-2 [124 kB]
Get:135 http://deb.debian.org/debian sid/main amd64 r-cran-profvis amd64 0.4.0+dfsg-2 [201 kB]
Get:136 http://deb.debian.org/debian sid/main amd64 r-cran-prettyunits all 1.2.0-2 [160 kB]
Get:137 http://deb.debian.org/debian sid/main amd64 r-cran-sessioninfo all 1.2.4-1 [283 kB]
Get:138 http://deb.debian.org/debian sid/main amd64 r-cran-xopen all 1.0.1+dfsg-2 [21.6 kB]
Get:139 http://deb.debian.org/debian sid/main amd64 r-cran-rcmdcheck all 1.4.0-5 [209 kB]
Get:140 http://deb.debian.org/debian sid/main amd64 r-cran-remotes all 2.5.0+dfsg-2 [448 kB]
Get:141 http://deb.debian.org/debian sid/main amd64 r-cran-rdtools amd64 0.1.0-1 [71.4 kB]
Get:142 http://deb.debian.org/debian sid/main amd64 r-cran-roxygen2 amd64 8.1.0-1 [901 kB]
Get:143 http://deb.debian.org/debian sid/main amd64 r-cran-rversions all 3.0.0-1 [171 kB]
Get:144 http://deb.debian.org/debian sid/main amd64 r-cran-praise all 1.0.0-5 [20.7 kB]
Get:145 http://deb.debian.org/debian testing/main amd64 r-cran-diffobj amd64 0.3.6-2 [1,162 kB]
Get:146 http://deb.debian.org/debian sid/main amd64 r-cran-waldo all 0.6.2-1 [153 kB]
Get:147 http://deb.debian.org/debian sid/main amd64 r-cran-testthat amd64 3.3.2-3 [1,872 kB]
Get:148 http://deb.debian.org/debian sid/main amd64 r-cran-urlchecker all 2.0.0-1 [90.0 kB]
Get:149 http://deb.debian.org/debian sid/main amd64 r-cran-devtools all 2.4.6-2 [712 kB]
Preconfiguring packages ...
Fetched 114 MB in 2s (56.0 MB/s)
(Reading database…
(Reading database… 5%
(Reading database… 10%
(Reading database… 15%
(Reading database… 20%
(Reading database… 25%
(Reading database… 30%
(Reading database… 35%
(Reading database… 40%
(Reading database… 45%
(Reading database… 50%
(Reading database… 55%
(Reading database… 60%
(Reading database… 65%
(Reading database… 70%
(Reading database… 75%
(Reading database… 80%
(Reading database… 85%
(Reading database… 90%
(Reading database… 95%
(Reading database… 100%
(Reading database… 19647 files and directories currently installed.)
Preparing to unpack …/libc-gconv-modules-extra_2.43-4_amd64.deb…
Unpacking libc-gconv-modules-extra:amd64 (2.43-4) over (2.42-17)…
Setting up libc-gconv-modules-extra:amd64 (2.43-4)…
(Reading database…
(Reading database… 5%
(Reading database… 10%
(Reading database… 15%
(Reading database… 20%
(Reading database… 25%
(Reading database… 30%
(Reading database… 35%
(Reading database… 40%
(Reading database… 45%
(Reading database… 50%
(Reading database… 55%
(Reading database… 60%
(Reading database… 65%
(Reading database… 70%
(Reading database… 75%
(Reading database… 80%
(Reading database… 85%
(Reading database… 90%
(Reading database… 95%
(Reading database… 100%
(Reading database… 19647 files and directories currently installed.)
Preparing to unpack …/libc-l10n_2.43-4_all.deb…
Unpacking libc-l10n (2.43-4) over (2.42-17)…
Preparing to unpack …/locales_2.43-4_all.deb…
Unpacking locales (2.43-4) over (2.42-17)…
Preparing to unpack …/libc6_2.43-4_amd64.deb…
Checking for services that may need to be restarted...
Checking init scripts...
Unpacking libc6:amd64 (2.43-4) over (2.42-17)…
Setting up libc6:amd64 (2.43-4)…
Checking for services that may need to be restarted...
Checking init scripts...
Nothing to restart.
(Reading database…
(Reading database… 5%
(Reading database… 10%
(Reading database… 15%
(Reading database… 20%
(Reading database… 25%
(Reading database… 30%
(Reading database… 35%
(Reading database… 40%
(Reading database… 45%
(Reading database… 50%
(Reading database… 55%
(Reading database… 60%
(Reading database… 65%
(Reading database… 70%
(Reading database… 75%
(Reading database… 80%
(Reading database… 85%
(Reading database… 90%
(Reading database… 95%
(Reading database… 100%
(Reading database… 19649 files and directories currently installed.)
Preparing to unpack …/libc-bin_2.43-4_amd64.deb…
Unpacking libc-bin (2.43-4) over (2.42-17)…
Setting up libc-bin (2.43-4)…
(Reading database…
(Reading database… 5%
(Reading database… 10%
(Reading database… 15%
(Reading database… 20%
(Reading database… 25%
(Reading database… 30%
(Reading database… 35%
(Reading database… 40%
(Reading database… 45%
(Reading database… 50%
(Reading database… 55%
(Reading database… 60%
(Reading database… 65%
(Reading database… 70%
(Reading database… 75%
(Reading database… 80%
(Reading database… 85%
(Reading database… 90%
(Reading database… 95%
(Reading database… 100%
(Reading database… 19649 files and directories currently installed.)
Preparing to unpack …/000-libc-dev-bin_2.43-4_amd64.deb…
Unpacking libc-dev-bin (2.43-4) over (2.42-17)…
Preparing to unpack …/001-libc6-dev_2.43-4_amd64.deb…
Unpacking libc6-dev:amd64 (2.43-4) over (2.42-17)…
Selecting previously unselected package fonts-font-awesome-legacy.
Preparing to unpack …/002-fonts-font-awesome-legacy_6-3_all.deb…
Unpacking fonts-font-awesome-legacy (6-3)…
Selecting previously unselected package fonts-font-awesome.
Preparing to unpack …/003-fonts-font-awesome_7.3.0+dfsg-1_all.deb…
Unpacking fonts-font-awesome (7.3.0+dfsg-1)…
Selecting previously unselected package fonts-glyphicons-halflings.
Preparing to unpack …/004-fonts-glyphicons-halflings_1.009~3.4.1+dfsg-7_all.deb…
Unpacking fonts-glyphicons-halflings (1.009~3.4.1+dfsg-7)…
Selecting previously unselected package fonts-mathjax.
Preparing to unpack …/005-fonts-mathjax_2.7.9+dfsg-1_all.deb…
Unpacking fonts-mathjax (2.7.9+dfsg-1)…
Preparing to unpack …/006-libngtcp2-16_1.24.0-1_amd64.deb…
Unpacking libngtcp2-16:amd64 (1.24.0-1) over (1.22.1-1)…
Selecting previously unselected package libngtcp2-crypto-gnutls8:amd64.
Preparing to unpack …/007-libngtcp2-crypto-gnutls8_1.24.0-1_amd64.deb…
Unpacking libngtcp2-crypto-gnutls8:amd64 (1.24.0-1)…
Selecting previously unselected package libcurl4-gnutls:amd64.
Preparing to unpack …/008-libcurl4-gnutls_8.21.0-2_amd64.deb…
Unpacking libcurl4-gnutls:amd64 (8.21.0-2)…
Selecting previously unselected package libcurl3t64-gnutls:amd64.
Preparing to unpack …/009-libcurl3t64-gnutls_8.21.0-2_amd64.deb…
Unpacking libcurl3t64-gnutls:amd64 (8.21.0-2)…
Selecting previously unselected package liberror-perl.
Preparing to unpack …/010-liberror-perl_0.17030-1_all.deb…
Unpacking liberror-perl (0.17030-1)…
Selecting previously unselected package git-man.
Preparing to unpack …/011-git-man_1%3a2.53.0-1_all.deb…
Unpacking git-man (1:2.53.0-1)…
Selecting previously unselected package git.
Preparing to unpack …/012-git_1%3a2.53.0-1_amd64.deb…
Unpacking git (1:2.53.0-1)…
Selecting previously unselected package javascript-common.
Preparing to unpack …/013-javascript-common_12+nmu1_all.deb…
Unpacking javascript-common (12+nmu1)…
Preparing to unpack …/014-libngtcp2-crypto-ossl0_1.24.0-1_amd64.deb…
Unpacking libngtcp2-crypto-ossl0:amd64 (1.24.0-1) over (1.22.1-1)…
Preparing to unpack …/015-libcurl4t64_8.21.0-2_amd64.deb…
Unpacking libcurl4t64:amd64 (8.21.0-2) over (8.21.0~rc3-1)…
Selecting previously unselected package libllhttp9.4:amd64.
Preparing to unpack …/016-libllhttp9.4_9.4.3+~cs12.11.9-2_amd64.deb…
Unpacking libllhttp9.4:amd64 (9.4.3+~cs12.11.9-2)…
Selecting previously unselected package libgit2-1.9:amd64.
Preparing to unpack …/017-libgit2-1.9_1.9.7+ds-1_amd64.deb…
Unpacking libgit2-1.9:amd64 (1.9.7+ds-1)…
Selecting previously unselected package libjs-bootstrap.
Preparing to unpack …/018-libjs-bootstrap_3.4.1+dfsg-7_all.deb…
Unpacking libjs-bootstrap (3.4.1+dfsg-7)…
Selecting previously unselected package libjs-popper.js.
Preparing to unpack …/019-libjs-popper.js_1.16.1+ds-7_all.deb…
Unpacking libjs-popper.js (1.16.1+ds-7)…
Selecting previously unselected package libjs-bootstrap4.
Preparing to unpack …/020-libjs-bootstrap4_4.6.2+dfsg-3_all.deb…
Unpacking libjs-bootstrap4 (4.6.2+dfsg-3)…
Selecting previously unselected package libjs-bootswatch.
Preparing to unpack …/021-libjs-bootswatch_3.4.1+1+dfsg-0.1_all.deb…
Unpacking libjs-bootswatch (3.4.1+1+dfsg-0.1)…
Selecting previously unselected package libjs-d3.
Preparing to unpack …/022-libjs-d3_3.5.17-4_all.deb…
Unpacking libjs-d3 (3.5.17-4)…
Selecting previously unselected package libjs-es5-shim.
Preparing to unpack …/023-libjs-es5-shim_4.6.7-2_all.deb…
Unpacking libjs-es5-shim (4.6.7-2)…
Selecting previously unselected package libjs-highlight.js.
Preparing to unpack …/024-libjs-highlight.js_10.7.3+dfsg-6_all.deb…
Unpacking libjs-highlight.js (10.7.3+dfsg-6)…
Selecting previously unselected package libjs-jquery.
Preparing to unpack …/025-libjs-jquery_3.7.1+dfsg+~3.5.33-1_all.deb…
Unpacking libjs-jquery (3.7.1+dfsg+~3.5.33-1)…
Selecting previously unselected package libjs-jquery-datatables.
Preparing to unpack …/026-libjs-jquery-datatables_1.11.5+dfsg-2_all.deb…
Unpacking libjs-jquery-datatables (1.11.5+dfsg-2)…
Selecting previously unselected package libjs-sifter.js.
Preparing to unpack …/027-libjs-sifter.js_0.6.0+dfsg-3_all.deb…
Unpacking libjs-sifter.js (0.6.0+dfsg-3)…
Selecting previously unselected package libjs-microplugin.js.
Preparing to unpack …/028-libjs-microplugin.js_0.0.3+dfsg-2_all.deb…
Unpacking libjs-microplugin.js (0.0.3+dfsg-2)…
Selecting previously unselected package libjs-jquery-selectize.js.
Preparing to unpack …/029-libjs-jquery-selectize.js_0.12.6+dfsg-1.1_all.deb…
Unpacking libjs-jquery-selectize.js (0.12.6+dfsg-1.1)…
Selecting previously unselected package libjs-jquery-ui.
Preparing to unpack …/030-libjs-jquery-ui_1.14.2+dfsg-1_all.deb…
Unpacking libjs-jquery-ui (1.14.2+dfsg-1)…
Selecting previously unselected package libjs-json.
Preparing to unpack …/031-libjs-json_0~20221030+~1.0.8-1_all.deb…
Unpacking libjs-json (0~20221030+~1.0.8-1)…
Selecting previously unselected package libjs-mathjax.
Preparing to unpack …/032-libjs-mathjax_2.7.9+dfsg-1_all.deb…
Unpacking libjs-mathjax (2.7.9+dfsg-1)…
Selecting previously unselected package libjs-modernizr.
Preparing to unpack …/033-libjs-modernizr_3.13.0-0.1_all.deb…
Unpacking libjs-modernizr (3.13.0-0.1)…
Selecting previously unselected package libjs-prettify.
Preparing to unpack …/034-libjs-prettify_2015.12.04+dfsg-3_all.deb…
Unpacking libjs-prettify (2015.12.04+dfsg-3)…
Selecting previously unselected package libjs-twitter-bootstrap-datepicker.
Preparing to unpack …/035-libjs-twitter-bootstrap-datepicker_1.3.1+dfsg1-4.1_all.deb…
Unpacking libjs-twitter-bootstrap-datepicker (1.3.1+dfsg1-4.1)…
Selecting previously unselected package liblua5.4-0:amd64.
Preparing to unpack …/036-liblua5.4-0_5.4.9-1_amd64.deb…
Unpacking liblua5.4-0:amd64 (5.4.9-1)…
Selecting previously unselected package libnuma1:amd64.
Preparing to unpack …/037-libnuma1_2.0.19-1+b2_amd64.deb…
Unpacking libnuma1:amd64 (2.0.19-1+b2)…
Selecting previously unselected package libuv1t64:amd64.
Preparing to unpack …/038-libuv1t64_1.52.1-4_amd64.deb…
Unpacking libuv1t64:amd64 (1.52.1-4)…
Selecting previously unselected package libwebpmux3:amd64.
Preparing to unpack …/039-libwebpmux3_1.5.0-0.1+b2_amd64.deb…
Unpacking libwebpmux3:amd64 (1.5.0-0.1+b2)…
Selecting previously unselected package libxml2-16:amd64.
Preparing to unpack …/040-libxml2-16_2.15.3+dfsg-1+b1_amd64.deb…
Unpacking libxml2-16:amd64 (2.15.3+dfsg-1+b1)…
Selecting previously unselected package libyaml-0-2:amd64.
Preparing to unpack …/041-libyaml-0-2_0.2.5-2+b1_amd64.deb…
Unpacking libyaml-0-2:amd64 (0.2.5-2+b1)…
Selecting previously unselected package node-bootstrap-sass.
Preparing to unpack …/042-node-bootstrap-sass_3.4.3-2_all.deb…
Unpacking node-bootstrap-sass (3.4.3-2)…
Selecting previously unselected package node-html5shiv.
Preparing to unpack …/043-node-html5shiv_3.7.3+dfsg-5_all.deb…
Unpacking node-html5shiv (3.7.3+dfsg-5)…
Selecting previously unselected package node-normalize.css.
Preparing to unpack …/044-node-normalize.css_8.0.1-5.1_all.deb…
Unpacking node-normalize.css (8.0.1-5.1)…
Selecting previously unselected package pandoc-data.
Preparing to unpack …/045-pandoc-data_3.10.2-1_all.deb…
Unpacking pandoc-data (3.10.2-1)…
Selecting previously unselected package pandoc.
Preparing to unpack …/046-pandoc_3.10.2-1_amd64.deb…
Unpacking pandoc (3.10.2-1)…
Selecting previously unselected package r-cran-sys.
Preparing to unpack …/047-r-cran-sys_3.4.3-3_amd64.deb…
Unpacking r-cran-sys (3.4.3-3)…
Selecting previously unselected package r-cran-askpass.
Preparing to unpack …/048-r-cran-askpass_1.2.1-3_amd64.deb…
Unpacking r-cran-askpass (1.2.1-3)…
Selecting previously unselected package r-cran-base64enc.
Preparing to unpack …/049-r-cran-base64enc_0.1-6-2_amd64.deb…
Unpacking r-cran-base64enc (0.1-6-2)…
Selecting previously unselected package r-cran-brew.
Preparing to unpack …/050-r-cran-brew_1.0-10-2_all.deb…
Unpacking r-cran-brew (1.0-10-2)…
Selecting previously unselected package r-cran-brio.
Preparing to unpack …/051-r-cran-brio_1.1.5-3_amd64.deb…
Unpacking r-cran-brio (1.1.5-3)…
Selecting previously unselected package r-cran-rlang.
Preparing to unpack …/052-r-cran-rlang_1.3.0-1_amd64.deb…
Unpacking r-cran-rlang (1.3.0-1)…
Selecting previously unselected package r-cran-fastmap.
Preparing to unpack …/053-r-cran-fastmap_1.2.0-3_amd64.deb…
Unpacking r-cran-fastmap (1.2.0-3)…
Selecting previously unselected package r-cran-cachem.
Preparing to unpack …/054-r-cran-cachem_1.1.0-3_amd64.deb…
Unpacking r-cran-cachem (1.1.0-3)…
Selecting previously unselected package r-cran-digest.
Preparing to unpack …/055-r-cran-digest_0.6.39-1_amd64.deb…
Unpacking r-cran-digest (0.6.39-1)…
Selecting previously unselected package r-cran-htmltools.
Preparing to unpack …/056-r-cran-htmltools_0.5.9-2_amd64.deb…
Unpacking r-cran-htmltools (0.5.9-2)…
Selecting previously unselected package r-cran-jquerylib.
Preparing to unpack …/057-r-cran-jquerylib_0.1.4+dfsg-6_all.deb…
Unpacking r-cran-jquerylib (0.1.4+dfsg-6)…
Selecting previously unselected package r-cran-jsonlite.
Preparing to unpack …/058-r-cran-jsonlite_2.0.0+dfsg-2_amd64.deb…
Unpacking r-cran-jsonlite (2.0.0+dfsg-2)…
Selecting previously unselected package r-cran-cli.
Preparing to unpack …/059-r-cran-cli_3.6.6-1_amd64.deb…
Unpacking r-cran-cli (3.6.6-1)…
Selecting previously unselected package r-cran-lifecycle.
Preparing to unpack …/060-r-cran-lifecycle_1.0.5+dfsg-1_all.deb…
Unpacking r-cran-lifecycle (1.0.5+dfsg-1)…
Selecting previously unselected package r-cran-memoise.
Preparing to unpack …/061-r-cran-memoise_2.0.1-2_all.deb…
Unpacking r-cran-memoise (2.0.1-2)…
Selecting previously unselected package r-cran-mime.
Preparing to unpack …/062-r-cran-mime_0.13-2_amd64.deb…
Unpacking r-cran-mime (0.13-2)…
Selecting previously unselected package r-cran-fs.
Preparing to unpack …/063-r-cran-fs_2.1.0+dfsg-1_amd64.deb…
Unpacking r-cran-fs (2.1.0+dfsg-1)…
Selecting previously unselected package r-cran-r6.
Preparing to unpack …/064-r-cran-r6_2.6.1-2_all.deb…
Unpacking r-cran-r6 (2.6.1-2)…
Selecting previously unselected package r-cran-rappdirs.
Preparing to unpack …/065-r-cran-rappdirs_0.3.4-2_amd64.deb…
Unpacking r-cran-rappdirs (0.3.4-2)…
Selecting previously unselected package r-cran-sass.
Preparing to unpack …/066-r-cran-sass_0.4.10+dfsg-3_amd64.deb…
Unpacking r-cran-sass (0.4.10+dfsg-3)…
Selecting previously unselected package r-cran-bslib.
Preparing to unpack …/067-r-cran-bslib_0.10.0+dfsg-1_all.deb…
Unpacking r-cran-bslib (0.10.0+dfsg-1)…
Selecting previously unselected package r-cran-otel.
Preparing to unpack …/068-r-cran-otel_0.2.0-1_all.deb…
Unpacking r-cran-otel (0.2.0-1)…
Selecting previously unselected package r-cran-ps.
Preparing to unpack …/069-r-cran-ps_1.9.3-1_amd64.deb…
Unpacking r-cran-ps (1.9.3-1)…
Selecting previously unselected package r-cran-processx.
Preparing to unpack …/070-r-cran-processx_3.9.0-1_amd64.deb…
Unpacking r-cran-processx (3.9.0-1)…
Selecting previously unselected package r-cran-callr.
Preparing to unpack …/071-r-cran-callr_3.8.0-1_all.deb…
Unpacking r-cran-callr (3.8.0-1)…
Selecting previously unselected package r-cran-clipr.
Preparing to unpack …/072-r-cran-clipr_0.8.1-1_all.deb…
Unpacking r-cran-clipr (0.8.1-1)…
Selecting previously unselected package r-cran-commonmark.
Preparing to unpack …/073-r-cran-commonmark_2.0.0-3_amd64.deb…
Unpacking r-cran-commonmark (2.0.0-3)…
Selecting previously unselected package r-cran-cpp11.
Preparing to unpack …/074-r-cran-cpp11_0.5.5-1_all.deb…
Unpacking r-cran-cpp11 (0.5.5-1)…
Selecting previously unselected package r-cran-crayon.
Preparing to unpack …/075-r-cran-crayon_1.5.3-2_all.deb…
Unpacking r-cran-crayon (1.5.3-2)…
Selecting previously unselected package r-cran-openssl.
Preparing to unpack …/076-r-cran-openssl_2.4.2+dfsg-1_amd64.deb…
Unpacking r-cran-openssl (2.4.2+dfsg-1)…
Selecting previously unselected package r-cran-curl.
Preparing to unpack …/077-r-cran-curl_7.1.0+dfsg-2_amd64.deb…
Unpacking r-cran-curl (7.1.0+dfsg-2)…
Selecting previously unselected package r-cran-credentials.
Preparing to unpack …/078-r-cran-credentials_2.0.3-1_all.deb…
Unpacking r-cran-credentials (2.0.3-1)…
Selecting previously unselected package r-cran-desc.
Preparing to unpack …/079-r-cran-desc_1.4.3-2_all.deb…
Unpacking r-cran-desc (1.4.3-2)…
Selecting previously unselected package r-cran-rstudioapi.
Preparing to unpack …/080-r-cran-rstudioapi_0.19.0-1_all.deb…
Unpacking r-cran-rstudioapi (0.19.0-1)…
Selecting previously unselected package r-cran-zip.
Preparing to unpack …/081-r-cran-zip_3.0.2-1_amd64.deb…
Unpacking r-cran-zip (3.0.2-1)…
Selecting previously unselected package r-pkg-team-core-architecture.
Preparing to unpack …/082-r-pkg-team-core-architecture_20260707_amd64.deb…
Unpacking r-pkg-team-core-architecture (20260707)…
Selecting previously unselected package r-cran-gert.
Preparing to unpack …/083-r-cran-gert_2.4.1+dfsg-1_amd64.deb…
Unpacking r-cran-gert (2.4.1+dfsg-1)…
Selecting previously unselected package r-cran-gitcreds.
Preparing to unpack …/084-r-cran-gitcreds_0.1.2-2_all.deb…
Unpacking r-cran-gitcreds (0.1.2-2)…
Selecting previously unselected package r-cran-glue.
Preparing to unpack …/085-r-cran-glue_1.8.1-2_amd64.deb…
Unpacking r-cran-glue (1.8.1-2)…
Selecting previously unselected package r-cran-magrittr.
Preparing to unpack …/086-r-cran-magrittr_2.0.5-1_amd64.deb…
Unpacking r-cran-magrittr (2.0.5-1)…
Selecting previously unselected package r-cran-vctrs.
Preparing to unpack …/087-r-cran-vctrs_0.7.3-2_amd64.deb…
Unpacking r-cran-vctrs (0.7.3-2)…
Selecting previously unselected package r-cran-withr.
Preparing to unpack …/088-r-cran-withr_3.0.3+dfsg-1_all.deb…
Unpacking r-cran-withr (3.0.3+dfsg-1)…
Selecting previously unselected package r-cran-httr2.
Preparing to unpack …/089-r-cran-httr2_1.3.0-1_all.deb…
Unpacking r-cran-httr2 (1.3.0-1)…
Selecting previously unselected package r-cran-ini.
Preparing to unpack …/090-r-cran-ini_0.3.1-3_all.deb…
Unpacking r-cran-ini (0.3.1-3)…
Selecting previously unselected package r-cran-gh.
Preparing to unpack …/091-r-cran-gh_1.6.1-1_all.deb…
Unpacking r-cran-gh (1.6.1-1)…
Selecting previously unselected package r-cran-purrr.
Preparing to unpack …/092-r-cran-purrr_1.2.2-1_amd64.deb…
Unpacking r-cran-purrr (1.2.2-1)…
Selecting previously unselected package r-cran-rprojroot.
Preparing to unpack …/093-r-cran-rprojroot_2.1.1-3_all.deb…
Unpacking r-cran-rprojroot (2.1.1-3)…
Selecting previously unselected package r-cran-whisker.
Preparing to unpack …/094-r-cran-whisker_0.4.1-2_all.deb…
Unpacking r-cran-whisker (0.4.1-2)…
Selecting previously unselected package r-cran-yaml.
Preparing to unpack …/095-r-cran-yaml_2.3.12-2_amd64.deb…
Unpacking r-cran-yaml (2.3.12-2)…
Selecting previously unselected package r-cran-usethis.
Preparing to unpack …/096-r-cran-usethis_3.2.1-1_all.deb…
Unpacking r-cran-usethis (3.2.1-1)…
Selecting previously unselected package r-cran-ellipsis.
Preparing to unpack …/097-r-cran-ellipsis_0.3.3-1_amd64.deb…
Unpacking r-cran-ellipsis (0.3.3-1)…
Selecting previously unselected package r-cran-fontawesome.
Preparing to unpack …/098-r-cran-fontawesome_0.5.3-2_all.deb…
Unpacking r-cran-fontawesome (0.5.3-2)…
Selecting previously unselected package r-cran-pkgkitten.
Preparing to unpack …/099-r-cran-pkgkitten_0.2.4-1_all.deb…
Unpacking r-cran-pkgkitten (0.2.4-1)…
Selecting previously unselected package r-cran-rcpp.
Preparing to unpack …/100-r-cran-rcpp_1.1.2-1_amd64.deb…
Unpacking r-cran-rcpp (1.1.2-1)…
Selecting previously unselected package r-cran-later.
Preparing to unpack …/101-r-cran-later_1.4.8+dfsg-3_amd64.deb…
Unpacking r-cran-later (1.4.8+dfsg-3)…
Selecting previously unselected package r-cran-promises.
Preparing to unpack …/102-r-cran-promises_1.5.0+dfsg-3_all.deb…
Unpacking r-cran-promises (1.5.0+dfsg-3)…
Selecting previously unselected package r-cran-httpuv.
Preparing to unpack …/103-r-cran-httpuv_1.6.16+dfsg-1_amd64.deb…
Unpacking r-cran-httpuv (1.6.16+dfsg-1)…
Selecting previously unselected package r-cran-sourcetools.
Preparing to unpack …/104-r-cran-sourcetools_0.1.7-2-2_amd64.deb…
Unpacking r-cran-sourcetools (0.1.7-2-2)…
Selecting previously unselected package r-cran-xtable.
Preparing to unpack …/105-r-cran-xtable_1%3a1.8-8-1_all.deb…
Unpacking r-cran-xtable (1:1.8-8-1)…
Selecting previously unselected package r-cran-shiny.
Preparing to unpack …/106-r-cran-shiny_1.13.0+dfsg-1_all.deb…
Unpacking r-cran-shiny (1.13.0+dfsg-1)…
Selecting previously unselected package r-cran-miniui.
Preparing to unpack …/107-r-cran-miniui_0.1.2-1_all.deb…
Unpacking r-cran-miniui (0.1.2-1)…
Selecting previously unselected package r-cran-pkgbuild.
Preparing to unpack …/108-r-cran-pkgbuild_1.4.8-1_all.deb…
Unpacking r-cran-pkgbuild (1.4.8-1)…
Selecting previously unselected package r-cran-evaluate.
Preparing to unpack …/109-r-cran-evaluate_1.0.5-3_all.deb…
Unpacking r-cran-evaluate (1.0.5-3)…
Selecting previously unselected package r-cran-fansi.
Preparing to unpack …/110-r-cran-fansi_1.0.7-2_amd64.deb…
Unpacking r-cran-fansi (1.0.7-2)…
Selecting previously unselected package r-cran-downlit.
Preparing to unpack …/111-r-cran-downlit_0.4.5-2_all.deb…
Unpacking r-cran-downlit (0.4.5-2)…
Selecting previously unselected package r-cran-systemfonts.
Preparing to unpack …/112-r-cran-systemfonts_1.3.2-3_amd64.deb…
Unpacking r-cran-systemfonts (1.3.2-3)…
Selecting previously unselected package r-cran-stringi.
Preparing to unpack …/113-r-cran-stringi_1.8.9-1_amd64.deb…
Unpacking r-cran-stringi (1.8.9-1)…
Selecting previously unselected package r-cran-textshaping.
Preparing to unpack …/114-r-cran-textshaping_1.0.5-2_amd64.deb…
Unpacking r-cran-textshaping (1.0.5-2)…
Selecting previously unselected package r-cran-ragg.
Preparing to unpack …/115-r-cran-ragg_1.5.2-2_amd64.deb…
Unpacking r-cran-ragg (1.5.2-2)…
Selecting previously unselected package r-cran-xfun.
Preparing to unpack …/116-r-cran-xfun_0.60+dfsg-1_amd64.deb…
Unpacking r-cran-xfun (0.60+dfsg-1)…
Selecting previously unselected package r-cran-highr.
Preparing to unpack …/117-r-cran-highr_0.12+dfsg-1_all.deb…
Unpacking r-cran-highr (0.12+dfsg-1)…
Selecting previously unselected package r-cran-knitr.
Preparing to unpack …/118-r-cran-knitr_1.51+dfsg-2_all.deb…
Unpacking r-cran-knitr (1.51+dfsg-2)…
Selecting previously unselected package r-cran-tinytex.
Preparing to unpack …/119-r-cran-tinytex_0.60-1_all.deb…
Unpacking r-cran-tinytex (0.60-1)…
Selecting previously unselected package r-cran-rmarkdown.
Preparing to unpack …/120-r-cran-rmarkdown_2.31+dfsg-1_all.deb…
Unpacking r-cran-rmarkdown (2.31+dfsg-1)…
Selecting previously unselected package r-cran-utf8.
Preparing to unpack …/121-r-cran-utf8_1.2.6-2_amd64.deb…
Unpacking r-cran-utf8 (1.2.6-2)…
Selecting previously unselected package r-cran-pillar.
Preparing to unpack …/122-r-cran-pillar_1.11.1+dfsg-1_all.deb…
Unpacking r-cran-pillar (1.11.1+dfsg-1)…
Selecting previously unselected package r-cran-pkgconfig.
Preparing to unpack …/123-r-cran-pkgconfig_2.0.3-3_all.deb…
Unpacking r-cran-pkgconfig (2.0.3-3)…
Selecting previously unselected package r-cran-tibble.
Preparing to unpack …/124-r-cran-tibble_3.3.1+dfsg-2_amd64.deb…
Unpacking r-cran-tibble (3.3.1+dfsg-2)…
Selecting previously unselected package r-cran-xml2.
Preparing to unpack …/125-r-cran-xml2_1.6.0-1_amd64.deb…
Unpacking r-cran-xml2 (1.6.0-1)…
Selecting previously unselected package r-cran-pkgdown.
Preparing to unpack …/126-r-cran-pkgdown_2.2.0-1_all.deb…
Unpacking r-cran-pkgdown (2.2.0-1)…
Selecting previously unselected package r-cran-pkgload.
Preparing to unpack …/127-r-cran-pkgload_1.5.3-1_all.deb…
Unpacking r-cran-pkgload (1.5.3-1)…
Selecting previously unselected package r-cran-htmlwidgets.
Preparing to unpack …/128-r-cran-htmlwidgets_1.6.4+dfsg-2_all.deb…
Unpacking r-cran-htmlwidgets (1.6.4+dfsg-2)…
Selecting previously unselected package r-cran-profvis.
Preparing to unpack …/129-r-cran-profvis_0.4.0+dfsg-2_amd64.deb…
Unpacking r-cran-profvis (0.4.0+dfsg-2)…
Selecting previously unselected package r-cran-prettyunits.
Preparing to unpack …/130-r-cran-prettyunits_1.2.0-2_all.deb…
Unpacking r-cran-prettyunits (1.2.0-2)…
Selecting previously unselected package r-cran-sessioninfo.
Preparing to unpack …/131-r-cran-sessioninfo_1.2.4-1_all.deb…
Unpacking r-cran-sessioninfo (1.2.4-1)…
Selecting previously unselected package r-cran-xopen.
Preparing to unpack …/132-r-cran-xopen_1.0.1+dfsg-2_all.deb…
Unpacking r-cran-xopen (1.0.1+dfsg-2)…
Selecting previously unselected package r-cran-rcmdcheck.
Preparing to unpack …/133-r-cran-rcmdcheck_1.4.0-5_all.deb…
Unpacking r-cran-rcmdcheck (1.4.0-5)…
Selecting previously unselected package r-cran-remotes.
Preparing to unpack …/134-r-cran-remotes_2.5.0+dfsg-2_all.deb…
Unpacking r-cran-remotes (2.5.0+dfsg-2)…
Selecting previously unselected package r-cran-rdtools.
Preparing to unpack …/135-r-cran-rdtools_0.1.0-1_amd64.deb…
Unpacking r-cran-rdtools (0.1.0-1)…
Selecting previously unselected package r-cran-roxygen2.
Preparing to unpack …/136-r-cran-roxygen2_8.1.0-1_amd64.deb…
Unpacking r-cran-roxygen2 (8.1.0-1)…
Selecting previously unselected package r-cran-rversions.
Preparing to unpack …/137-r-cran-rversions_3.0.0-1_all.deb…
Unpacking r-cran-rversions (3.0.0-1)…
Selecting previously unselected package r-cran-praise.
Preparing to unpack …/138-r-cran-praise_1.0.0-5_all.deb…
Unpacking r-cran-praise (1.0.0-5)…
Selecting previously unselected package r-cran-diffobj.
Preparing to unpack …/139-r-cran-diffobj_0.3.6-2_amd64.deb…
Unpacking r-cran-diffobj (0.3.6-2)…
Selecting previously unselected package r-cran-waldo.
Preparing to unpack …/140-r-cran-waldo_0.6.2-1_all.deb…
Unpacking r-cran-waldo (0.6.2-1)…
Selecting previously unselected package r-cran-testthat.
Preparing to unpack …/141-r-cran-testthat_3.3.2-3_amd64.deb…
Unpacking r-cran-testthat (3.3.2-3)…
Selecting previously unselected package r-cran-urlchecker.
Preparing to unpack …/142-r-cran-urlchecker_2.0.0-1_all.deb…
Unpacking r-cran-urlchecker (2.0.0-1)…
Selecting previously unselected package r-cran-devtools.
Preparing to unpack …/143-r-cran-devtools_2.4.6-2_all.deb…
Unpacking r-cran-devtools (2.4.6-2)…
Setting up libjs-json (0~20221030+~1.0.8-1)…
Setting up fonts-font-awesome-legacy (6-3)…
Setting up javascript-common (12+nmu1)…
Setting up r-cran-brio (1.1.5-3)…
Setting up libc-l10n (2.43-4)…
Setting up r-cran-rlang (1.3.0-1)…
Setting up fonts-mathjax (2.7.9+dfsg-1)…
Setting up libllhttp9.4:amd64 (9.4.3+~cs12.11.9-2)…
Setting up libjs-mathjax (2.7.9+dfsg-1)…
Setting up libjs-popper.js (1.16.1+ds-7)…
Setting up r-cran-sys (3.4.3-3)…
Setting up r-cran-withr (3.0.3+dfsg-1)…
Setting up libyaml-0-2:amd64 (0.2.5-2+b1)…
Setting up libjs-sifter.js (0.6.0+dfsg-3)…
Setting up r-cran-mime (0.13-2)…
Setting up fonts-glyphicons-halflings (1.009~3.4.1+dfsg-7)…
Setting up r-cran-praise (1.0.0-5)…
Setting up r-cran-rdtools (0.1.0-1)…
Setting up libxml2-16:amd64 (2.15.3+dfsg-1+b1)…
Setting up r-cran-base64enc (0.1-6-2)…
Setting up r-cran-digest (0.6.39-1)…
Setting up r-cran-yaml (2.3.12-2)…
Setting up libuv1t64:amd64 (1.52.1-4)…
Setting up r-cran-evaluate (1.0.5-3)…
Setting up node-html5shiv (3.7.3+dfsg-5)…
Setting up r-cran-prettyunits (1.2.0-2)…
Setting up r-cran-fansi (1.0.7-2)…
Setting up libjs-microplugin.js (0.0.3+dfsg-2)…
Setting up r-cran-glue (1.8.1-2)…
Setting up locales (2.43-4)…
Generating locales (this might take a while)...
  en_US.UTF-8... done
Generation complete.
Setting up libjs-modernizr (3.13.0-0.1)…
Setting up r-cran-xtable (1:1.8-8-1)…
Setting up r-cran-cli (3.6.6-1)…
Setting up r-cran-lifecycle (1.0.5+dfsg-1)…
Setting up r-cran-rprojroot (2.1.1-3)…
Setting up libjs-es5-shim (4.6.7-2)…
Setting up liberror-perl (0.17030-1)…
Setting up r-cran-askpass (1.2.1-3)…
Setting up r-cran-fastmap (1.2.0-3)…
Setting up r-cran-jsonlite (2.0.0+dfsg-2)…
Setting up r-cran-rstudioapi (0.19.0-1)…
Setting up r-cran-pkgconfig (2.0.3-3)…
Setting up r-cran-utf8 (1.2.6-2)…
Setting up r-cran-brew (1.0-10-2)…
Setting up r-cran-stringi (1.8.9-1)…
Setting up r-cran-gitcreds (0.1.2-2)…
Setting up libjs-bootswatch (3.4.1+1+dfsg-0.1)…
Setting up r-cran-cpp11 (0.5.5-1)…
Setting up r-cran-ini (0.3.1-3)…
Setting up r-cran-crayon (1.5.3-2)…
Setting up libjs-d3 (3.5.17-4)…
Setting up r-pkg-team-core-architecture (20260707)…
Setting up r-cran-otel (0.2.0-1)…
Setting up r-cran-sourcetools (0.1.7-2-2)…
Setting up libgit2-1.9:amd64 (1.9.7+ds-1)…
Setting up r-cran-ps (1.9.3-1)…
Setting up r-cran-htmltools (0.5.9-2)…
Setting up r-cran-remotes (2.5.0+dfsg-2)…
Setting up r-cran-zip (3.0.2-1)…
Setting up libnuma1:amd64 (2.0.19-1+b2)…
Setting up libjs-highlight.js (10.7.3+dfsg-6)…
Setting up r-cran-whisker (0.4.1-2)…
Setting up r-cran-cachem (1.1.0-3)…
Setting up liblua5.4-0:amd64 (5.4.9-1)…
Setting up git-man (1:2.53.0-1)…
Setting up node-bootstrap-sass (3.4.3-2)…
Setting up libngtcp2-16:amd64 (1.24.0-1)…
Setting up libjs-prettify (2015.12.04+dfsg-3)…
Setting up libjs-bootstrap4 (4.6.2+dfsg-3)…
Setting up r-cran-clipr (0.8.1-1)…
Setting up r-cran-commonmark (2.0.0-3)…
Setting up pandoc-data (3.10.2-1)…
Setting up libjs-jquery (3.7.1+dfsg+~3.5.33-1)…
Setting up r-cran-r6 (2.6.1-2)…
Setting up r-cran-pkgkitten (0.2.4-1)…
Setting up libc-dev-bin (2.43-4)…
Setting up libwebpmux3:amd64 (1.5.0-0.1+b2)…
Setting up r-cran-sessioninfo (1.2.4-1)…
Setting up node-normalize.css (8.0.1-5.1)…
Setting up r-cran-magrittr (2.0.5-1)…
Setting up fonts-font-awesome (7.3.0+dfsg-1)…
Setting up r-cran-vctrs (0.7.3-2)…
Setting up r-cran-rappdirs (0.3.4-2)…
Setting up libngtcp2-crypto-gnutls8:amd64 (1.24.0-1)…
Setting up libjs-bootstrap (3.4.1+dfsg-7)…
Setting up libjs-jquery-selectize.js (0.12.6+dfsg-1.1)…
Setting up r-cran-pillar (1.11.1+dfsg-1)…
Setting up r-cran-ellipsis (0.3.3-1)…
Setting up libcurl4-gnutls:amd64 (8.21.0-2)…
Setting up r-cran-fs (2.1.0+dfsg-1)…
Setting up r-cran-rcpp (1.1.2-1)…
Setting up r-cran-openssl (2.4.2+dfsg-1)…
Setting up r-cran-diffobj (0.3.6-2)…
Setting up r-cran-processx (3.9.0-1)…
Setting up r-cran-desc (1.4.3-2)…
Setting up r-cran-xml2 (1.6.0-1)…
Setting up libjs-twitter-bootstrap-datepicker (1.3.1+dfsg1-4.1)…
Setting up r-cran-tibble (3.3.1+dfsg-2)…
Setting up libcurl3t64-gnutls:amd64 (8.21.0-2)…
Setting up r-cran-fontawesome (0.5.3-2)…
Setting up r-cran-xopen (1.0.1+dfsg-2)…
Setting up libjs-jquery-datatables (1.11.5+dfsg-2)…
Setting up r-cran-jquerylib (0.1.4+dfsg-6)…
Setting up r-cran-systemfonts (1.3.2-3)…
Setting up libjs-jquery-ui (1.14.2+dfsg-1)…
Setting up pandoc (3.10.2-1)…
Setting up r-cran-waldo (0.6.2-1)…
Setting up r-cran-memoise (2.0.1-2)…
Setting up r-cran-purrr (1.2.2-1)…
Setting up git (1:2.53.0-1)…
Setting up r-cran-later (1.4.8+dfsg-3)…
Setting up libngtcp2-crypto-ossl0:amd64 (1.24.0-1)…
Setting up r-cran-sass (0.4.10+dfsg-3)…
Setting up libc6-dev:amd64 (2.43-4)…
Setting up r-cran-callr (3.8.0-1)…
Setting up libcurl4t64:amd64 (8.21.0-2)…
Setting up r-cran-xfun (0.60+dfsg-1)…
Setting up r-cran-highr (0.12+dfsg-1)…
Setting up r-cran-downlit (0.4.5-2)…
Setting up r-cran-textshaping (1.0.5-2)…
Setting up r-cran-bslib (0.10.0+dfsg-1)…
Setting up r-cran-ragg (1.5.2-2)…
Setting up r-cran-promises (1.5.0+dfsg-3)…
Setting up r-cran-tinytex (0.60-1)…
Setting up r-cran-knitr (1.51+dfsg-2)…
Setting up r-cran-pkgbuild (1.4.8-1)…
Setting up r-cran-curl (7.1.0+dfsg-2)…
Setting up r-cran-pkgload (1.5.3-1)…
Setting up r-cran-rversions (3.0.0-1)…
Setting up r-cran-httpuv (1.6.16+dfsg-1)…
Setting up r-cran-shiny (1.13.0+dfsg-1)…
Setting up r-cran-httr2 (1.3.0-1)…
Setting up r-cran-testthat (3.3.2-3)…
Setting up r-cran-miniui (0.1.2-1)…
Setting up r-cran-rmarkdown (2.31+dfsg-1)…
Setting up r-cran-pkgdown (2.2.0-1)…
Setting up r-cran-credentials (2.0.3-1)…
Setting up r-cran-rcmdcheck (1.4.0-5)…
Setting up r-cran-urlchecker (2.0.0-1)…
Setting up r-cran-roxygen2 (8.1.0-1)…
Setting up r-cran-gh (1.6.1-1)…
Setting up r-cran-gert (2.4.1+dfsg-1)…
Setting up r-cran-htmlwidgets (1.6.4+dfsg-2)…
Setting up r-cran-profvis (0.4.0+dfsg-2)…
Setting up r-cran-usethis (3.2.1-1)…
Setting up r-cran-devtools (2.4.6-2)…
Processing triggers for fontconfig (2.17.1-5)…
Processing triggers for libc-bin (2.43-4)…
