trials=250 errors=5 error_types=1 positional_cases=0 named_cases=0
SEMANTIC trial=279 positional=2 named=0
SEMANTIC trial=478 positional=7 named=0
trials=500 errors=8 error_types=1 positional_cases=2 named_cases=0
SEMANTIC trial=696 positional=2 named=0
SEMANTIC trial=724 positional=6 named=0
trials=750 errors=15 error_types=1 positional_cases=4 named_cases=0
trials=1000 errors=24 error_types=1 positional_cases=4 named_cases=0
trials=1250 errors=31 error_types=1 positional_cases=4 named_cases=0
trials=1500 errors=36 error_types=1 positional_cases=4 named_cases=0
trials=1750 errors=41 error_types=1 positional_cases=4 named_cases=0
trials=2000 errors=47 error_types=1 positional_cases=4 named_cases=0
SEMANTIC trial=2164 positional=2 named=0
trials=2250 errors=53 error_types=1 positional_cases=6 named_cases=0
trials=2500 errors=57 error_types=1 positional_cases=6 named_cases=0
trials=2750 errors=64 error_types=1 positional_cases=7 named_cases=0
trials=3000 errors=72 error_types=1 positional_cases=7 named_cases=0
trials=3250 errors=75 error_types=1 positional_cases=7 named_cases=0
trials=3500 errors=84 error_types=1 positional_cases=7 named_cases=0
trials=3750 errors=91 error_types=1 positional_cases=7 named_cases=0
trials=4000 errors=97 error_types=1 positional_cases=7 named_cases=0
trials=4250 errors=105 error_types=1 positional_cases=8 named_cases=0
trials=4500 errors=111 error_types=1 positional_cases=8 named_cases=0
trials=4750 errors=113 error_types=1 positional_cases=9 named_cases=0
trials=5000 errors=121 error_types=1 positional_cases=10 named_cases=0
trials=5250 errors=126 error_types=1 positional_cases=11 named_cases=0
trials=5500 errors=136 error_types=1 positional_cases=11 named_cases=0
trials=5750 errors=140 error_types=1 positional_cases=11 named_cases=0
trials=6000 errors=146 error_types=1 positional_cases=11 named_cases=0
trials=6250 errors=150 error_types=1 positional_cases=11 named_cases=0
trials=6500 errors=151 error_types=1 positional_cases=11 named_cases=0
trials=6750 errors=157 error_types=1 positional_cases=11 named_cases=0
trials=7000 errors=161 error_types=1 positional_cases=11 named_cases=0
trials=7250 errors=172 error_types=1 positional_cases=11 named_cases=0
trials=7500 errors=179 error_types=1 positional_cases=12 named_cases=0
trials=7750 errors=186 error_types=1 positional_cases=13 named_cases=0
trials=8000 errors=193 error_types=1 positional_cases=14 named_cases=0
trials=8250 errors=200 error_types=1 positional_cases=14 named_cases=0
trials=8500 errors=207 error_types=1 positional_cases=14 named_cases=0
trials=8750 errors=210 error_types=1 positional_cases=14 named_cases=0
trials=9000 errors=215 error_types=1 positional_cases=14 named_cases=0
trials=9250 errors=217 error_types=1 positional_cases=14 named_cases=0
trials=9500 errors=220 error_types=1 positional_cases=14 named_cases=0
trials=9750 errors=226 error_types=1 positional_cases=14 named_cases=0
trials=10000 errors=232 error_types=1 positional_cases=15 named_cases=0
trials=10250 errors=236 error_types=1 positional_cases=15 named_cases=0
trials=10500 errors=242 error_types=1 positional_cases=15 named_cases=0
trials=10750 errors=248 error_types=1 positional_cases=17 named_cases=0
trials=11000 errors=261 error_types=1 positional_cases=18 named_cases=0
trials=11250 errors=264 error_types=1 positional_cases=18 named_cases=0
trials=11500 errors=270 error_types=1 positional_cases=19 named_cases=0
trials=11750 errors=275 error_types=1 positional_cases=19 named_cases=0
trials=12000 errors=278 error_types=1 positional_cases=21 named_cases=0
trials=12250 errors=287 error_types=1 positional_cases=22 named_cases=0
trials=12500 errors=297 error_types=1 positional_cases=23 named_cases=0
trials=12750 errors=302 error_types=1 positional_cases=23 named_cases=0
trials=13000 errors=311 error_types=1 positional_cases=23 named_cases=0
trials=13250 errors=318 error_types=1 positional_cases=24 named_cases=0
trials=13500 errors=323 error_types=1 positional_cases=26 named_cases=0
trials=13750 errors=331 error_types=1 positional_cases=26 named_cases=0
trials=14000 errors=339 error_types=1 positional_cases=27 named_cases=0
trials=14250 errors=345 error_types=1 positional_cases=27 named_cases=0
trials=14500 errors=352 error_types=1 positional_cases=30 named_cases=0
trials=14750 errors=362 error_types=1 positional_cases=31 named_cases=0
trials=15000 errors=370 error_types=1 positional_cases=32 named_cases=0
trials=15250 errors=375 error_types=1 positional_cases=32 named_cases=0
SEMANTIC trial=15446 positional=1 named=1
trials=15500 errors=384 error_types=1 positional_cases=33 named_cases=1
trials=15750 errors=391 error_types=1 positional_cases=33 named_cases=1
trials=16000 errors=397 error_types=1 positional_cases=33 named_cases=1
trials=16250 errors=405 error_types=1 positional_cases=34 named_cases=1
trials=16500 errors=410 error_types=1 positional_cases=35 named_cases=1
trials=16750 errors=418 error_types=1 positional_cases=36 named_cases=1
trials=17000 errors=433 error_types=1 positional_cases=36 named_cases=1
trials=17250 errors=441 error_types=1 positional_cases=36 named_cases=1
trials=17500 errors=443 error_types=1 positional_cases=37 named_cases=1
trials=17750 errors=452 error_types=1 positional_cases=37 named_cases=1
trials=18000 errors=456 error_types=1 positional_cases=37 named_cases=1
trials=18250 errors=460 error_types=1 positional_cases=38 named_cases=1
trials=18500 errors=463 error_types=1 positional_cases=38 named_cases=1
trials=18750 errors=470 error_types=1 positional_cases=39 named_cases=1
trials=19000 errors=476 error_types=1 positional_cases=39 named_cases=1
trials=19250 errors=483 error_types=1 positional_cases=39 named_cases=1
trials=19500 errors=486 error_types=1 positional_cases=39 named_cases=1
trials=19750 errors=492 error_types=1 positional_cases=39 named_cases=1
trials=20000 errors=499 error_types=1 positional_cases=40 named_cases=1
trials=20250 errors=507 error_types=1 positional_cases=40 named_cases=1
trials=20500 errors=515 error_types=1 positional_cases=40 named_cases=1
trials=20750 errors=518 error_types=1 positional_cases=41 named_cases=1
trials=21000 errors=523 error_types=1 positional_cases=42 named_cases=1
trials=21250 errors=528 error_types=1 positional_cases=42 named_cases=1
trials=21500 errors=534 error_types=1 positional_cases=43 named_cases=1
trials=21750 errors=543 error_types=1 positional_cases=44 named_cases=1
trials=22000 errors=548 error_types=1 positional_cases=45 named_cases=1
trials=22250 errors=559 error_types=1 positional_cases=46 named_cases=1
trials=22500 errors=565 error_types=1 positional_cases=46 named_cases=1
trials=22750 errors=579 error_types=1 positional_cases=46 named_cases=1
trials=23000 errors=587 error_types=1 positional_cases=46 named_cases=1
trials=23250 errors=589 error_types=1 positional_cases=46 named_cases=1
trials=23500 errors=597 error_types=1 positional_cases=46 named_cases=1
trials=23750 errors=603 error_types=1 positional_cases=46 named_cases=1
trials=24000 errors=611 error_types=1 positional_cases=48 named_cases=1
trials=24250 errors=620 error_types=1 positional_cases=48 named_cases=1
trials=24500 errors=627 error_types=1 positional_cases=48 named_cases=1
trials=24750 errors=634 error_types=1 positional_cases=48 named_cases=1
trials=25000 errors=639 error_types=1 positional_cases=48 named_cases=1
trials=25250 errors=655 error_types=1 positional_cases=48 named_cases=1
trials=25500 errors=661 error_types=1 positional_cases=49 named_cases=1
trials=25750 errors=663 error_types=1 positional_cases=50 named_cases=1
trials=26000 errors=666 error_types=1 positional_cases=50 named_cases=1
trials=26250 errors=668 error_types=1 positional_cases=50 named_cases=1
trials=26500 errors=674 error_types=1 positional_cases=50 named_cases=1
trials=26750 errors=678 error_types=1 positional_cases=51 named_cases=1
trials=27000 errors=686 error_types=1 positional_cases=52 named_cases=1
trials=27250 errors=695 error_types=1 positional_cases=52 named_cases=1
trials=27500 errors=700 error_types=1 positional_cases=52 named_cases=1
trials=27750 errors=709 error_types=1 positional_cases=53 named_cases=1
trials=28000 errors=718 error_types=1 positional_cases=54 named_cases=1
trials=28250 errors=730 error_types=1 positional_cases=54 named_cases=1
trials=28500 errors=739 error_types=1 positional_cases=55 named_cases=1
trials=28750 errors=746 error_types=1 positional_cases=55 named_cases=1
trials=29000 errors=749 error_types=1 positional_cases=56 named_cases=1
trials=29250 errors=755 error_types=1 positional_cases=57 named_cases=1
trials=29500 errors=760 error_types=1 positional_cases=57 named_cases=1
trials=29750 errors=764 error_types=1 positional_cases=58 named_cases=1
trials=30000 errors=766 error_types=1 positional_cases=58 named_cases=1
trials=30250 errors=769 error_types=1 positional_cases=58 named_cases=1
trials=30500 errors=775 error_types=1 positional_cases=58 named_cases=1
trials=30750 errors=780 error_types=1 positional_cases=59 named_cases=1
trials=31000 errors=787 error_types=1 positional_cases=60 named_cases=1
trials=31250 errors=797 error_types=1 positional_cases=60 named_cases=1
trials=31500 errors=804 error_types=1 positional_cases=60 named_cases=1
trials=31750 errors=812 error_types=1 positional_cases=60 named_cases=1
trials=32000 errors=819 error_types=1 positional_cases=61 named_cases=1
trials=32250 errors=822 error_types=1 positional_cases=62 named_cases=1
trials=32500 errors=829 error_types=1 positional_cases=62 named_cases=1
trials=32750 errors=836 error_types=1 positional_cases=63 named_cases=1
trials=33000 errors=842 error_types=1 positional_cases=63 named_cases=1
SEMANTIC trial=33079 positional=1 named=1
trials=33250 errors=848 error_types=1 positional_cases=65 named_cases=2
trials=33500 errors=859 error_types=1 positional_cases=65 named_cases=2
trials=33750 errors=865 error_types=1 positional_cases=65 named_cases=2
trials=34000 errors=874 error_types=1 positional_cases=65 named_cases=2
trials=34250 errors=884 error_types=1 positional_cases=65 named_cases=2
trials=34500 errors=891 error_types=1 positional_cases=66 named_cases=2
trials=34750 errors=899 error_types=1 positional_cases=68 named_cases=2
trials=35000 errors=908 error_types=1 positional_cases=68 named_cases=2
trials=35250 errors=914 error_types=1 positional_cases=69 named_cases=2
trials=35500 errors=921 error_types=1 positional_cases=70 named_cases=2
trials=35750 errors=929 error_types=1 positional_cases=71 named_cases=2
trials=36000 errors=933 error_types=1 positional_cases=71 named_cases=2
trials=36250 errors=936 error_types=1 positional_cases=72 named_cases=2
trials=36500 errors=941 error_types=1 positional_cases=72 named_cases=2
trials=36750 errors=951 error_types=1 positional_cases=72 named_cases=2
trials=37000 errors=954 error_types=1 positional_cases=72 named_cases=2
trials=37250 errors=955 error_types=1 positional_cases=72 named_cases=2
trials=37500 errors=962 error_types=1 positional_cases=73 named_cases=2
trials=37750 errors=969 error_types=1 positional_cases=73 named_cases=2
trials=38000 errors=980 error_types=1 positional_cases=73 named_cases=2
trials=38250 errors=986 error_types=1 positional_cases=73 named_cases=2
trials=38500 errors=990 error_types=1 positional_cases=73 named_cases=2
trials=38750 errors=995 error_types=1 positional_cases=73 named_cases=2
trials=39000 errors=1000 error_types=1 positional_cases=73 named_cases=2
trials=39250 errors=1007 error_types=1 positional_cases=73 named_cases=2
trials=39500 errors=1013 error_types=1 positional_cases=73 named_cases=2
trials=39750 errors=1017 error_types=1 positional_cases=74 named_cases=2
trials=40000 errors=1026 error_types=1 positional_cases=75 named_cases=2
trials=40250 errors=1040 error_types=1 positional_cases=77 named_cases=2
trials=40500 errors=1049 error_types=1 positional_cases=78 named_cases=2
trials=40750 errors=1055 error_types=1 positional_cases=78 named_cases=2
trials=41000 errors=1061 error_types=1 positional_cases=79 named_cases=2
trials=41250 errors=1072 error_types=1 positional_cases=79 named_cases=2
trials=41500 errors=1079 error_types=1 positional_cases=80 named_cases=2
trials=41750 errors=1081 error_types=1 positional_cases=80 named_cases=2
trials=42000 errors=1088 error_types=1 positional_cases=81 named_cases=2
trials=42250 errors=1095 error_types=1 positional_cases=81 named_cases=2
trials=42500 errors=1098 error_types=1 positional_cases=81 named_cases=2
trials=42750 errors=1107 error_types=1 positional_cases=81 named_cases=2
trials=43000 errors=1121 error_types=1 positional_cases=81 named_cases=2
SEMANTIC trial=43067 positional=1 named=1
trials=43250 errors=1126 error_types=1 positional_cases=82 named_cases=3
trials=43500 errors=1136 error_types=1 positional_cases=83 named_cases=3
trials=43750 errors=1141 error_types=1 positional_cases=83 named_cases=3
trials=44000 errors=1149 error_types=1 positional_cases=85 named_cases=3
trials=44250 errors=1158 error_types=1 positional_cases=86 named_cases=3
trials=44500 errors=1161 error_types=1 positional_cases=86 named_cases=3
trials=44750 errors=1166 error_types=1 positional_cases=86 named_cases=3
trials=45000 errors=1169 error_types=1 positional_cases=86 named_cases=3
trials=45250 errors=1175 error_types=1 positional_cases=86 named_cases=3
trials=45500 errors=1181 error_types=1 positional_cases=87 named_cases=3
trials=45750 errors=1186 error_types=1 positional_cases=88 named_cases=3
trials=46000 errors=1188 error_types=1 positional_cases=88 named_cases=3
trials=46250 errors=1194 error_types=1 positional_cases=88 named_cases=3
trials=46500 errors=1199 error_types=1 positional_cases=89 named_cases=3
trials=46750 errors=1204 error_types=1 positional_cases=89 named_cases=3
trials=47000 errors=1210 error_types=1 positional_cases=89 named_cases=3
trials=47250 errors=1221 error_types=1 positional_cases=89 named_cases=3
trials=47500 errors=1226 error_types=1 positional_cases=89 named_cases=3
trials=47750 errors=1236 error_types=1 positional_cases=91 named_cases=3
trials=48000 errors=1241 error_types=1 positional_cases=92 named_cases=3
trials=48250 errors=1248 error_types=1 positional_cases=92 named_cases=3
trials=48500 errors=1252 error_types=1 positional_cases=92 named_cases=3
trials=48750 errors=1259 error_types=1 positional_cases=93 named_cases=3
trials=49000 errors=1265 error_types=1 positional_cases=94 named_cases=3
trials=49250 errors=1271 error_types=1 positional_cases=94 named_cases=3
trials=49500 errors=1274 error_types=1 positional_cases=97 named_cases=3
trials=49750 errors=1281 error_types=1 positional_cases=98 named_cases=3
trials=50000 errors=1285 error_types=1 positional_cases=99 named_cases=3
trials=50250 errors=1291 error_types=1 positional_cases=100 named_cases=3
trials=50500 errors=1291 error_types=1 positional_cases=100 named_cases=3
trials=50750 errors=1298 error_types=1 positional_cases=100 named_cases=3
trials=51000 errors=1306 error_types=1 positional_cases=100 named_cases=3
trials=51250 errors=1312 error_types=1 positional_cases=100 named_cases=3
trials=51500 errors=1319 error_types=1 positional_cases=101 named_cases=3
trials=51750 errors=1327 error_types=1 positional_cases=101 named_cases=3
trials=52000 errors=1334 error_types=1 positional_cases=102 named_cases=3
trials=52250 errors=1343 error_types=1 positional_cases=102 named_cases=3
trials=52500 errors=1351 error_types=1 positional_cases=104 named_cases=3
trials=52750 errors=1355 error_types=1 positional_cases=104 named_cases=3
trials=53000 errors=1361 error_types=1 positional_cases=104 named_cases=3
trials=53250 errors=1367 error_types=1 positional_cases=104 named_cases=3
trials=53500 errors=1375 error_types=1 positional_cases=105 named_cases=3
trials=53750 errors=1382 error_types=1 positional_cases=105 named_cases=3
trials=54000 errors=1390 error_types=1 positional_cases=106 named_cases=3
trials=54250 errors=1399 error_types=1 positional_cases=107 named_cases=3
trials=54500 errors=1403 error_types=1 positional_cases=107 named_cases=3
trials=54750 errors=1406 error_types=1 positional_cases=108 named_cases=3
trials=55000 errors=1410 error_types=1 positional_cases=108 named_cases=3
trials=55250 errors=1416 error_types=1 positional_cases=109 named_cases=3
trials=55500 errors=1422 error_types=1 positional_cases=110 named_cases=3
trials=55750 errors=1426 error_types=1 positional_cases=110 named_cases=3
trials=56000 errors=1431 error_types=1 positional_cases=110 named_cases=3
trials=56250 errors=1437 error_types=1 positional_cases=110 named_cases=3
trials=56500 errors=1443 error_types=1 positional_cases=110 named_cases=3
trials=56750 errors=1447 error_types=1 positional_cases=111 named_cases=3
trials=57000 errors=1453 error_types=1 positional_cases=111 named_cases=3
trials=57250 errors=1465 error_types=1 positional_cases=111 named_cases=3
trials=57500 errors=1470 error_types=1 positional_cases=112 named_cases=3
trials=57750 errors=1474 error_types=1 positional_cases=113 named_cases=3
trials=58000 errors=1479 error_types=1 positional_cases=115 named_cases=3
trials=58250 errors=1484 error_types=1 positional_cases=116 named_cases=3
trials=58500 errors=1492 error_types=1 positional_cases=116 named_cases=3
trials=58750 errors=1497 error_types=1 positional_cases=116 named_cases=3
trials=59000 errors=1506 error_types=1 positional_cases=116 named_cases=3
trials=59250 errors=1514 error_types=1 positional_cases=117 named_cases=3
trials=59500 errors=1522 error_types=1 positional_cases=117 named_cases=3
trials=59750 errors=1527 error_types=1 positional_cases=117 named_cases=3
trials=60000 errors=1535 error_types=1 positional_cases=117 named_cases=3
trials=60250 errors=1545 error_types=1 positional_cases=117 named_cases=3
trials=60500 errors=1550 error_types=1 positional_cases=117 named_cases=3
trials=60750 errors=1556 error_types=1 positional_cases=118 named_cases=3
trials=61000 errors=1561 error_types=1 positional_cases=119 named_cases=3
trials=61250 errors=1567 error_types=1 positional_cases=119 named_cases=3
trials=61500 errors=1573 error_types=1 positional_cases=119 named_cases=3
trials=61750 errors=1585 error_types=1 positional_cases=119 named_cases=3
trials=62000 errors=1592 error_types=1 positional_cases=119 named_cases=3
trials=62250 errors=1599 error_types=1 positional_cases=121 named_cases=3
trials=62500 errors=1605 error_types=1 positional_cases=121 named_cases=3
trials=62750 errors=1611 error_types=1 positional_cases=121 named_cases=3
trials=63000 errors=1618 error_types=1 positional_cases=123 named_cases=3
trials=63250 errors=1627 error_types=1 positional_cases=123 named_cases=3
trials=63500 errors=1631 error_types=1 positional_cases=123 named_cases=3
trials=63750 errors=1641 error_types=1 positional_cases=123 named_cases=3
trials=64000 errors=1644 error_types=1 positional_cases=123 named_cases=3
trials=64250 errors=1652 error_types=1 positional_cases=124 named_cases=3
trials=64500 errors=1661 error_types=1 positional_cases=125 named_cases=3
trials=64750 errors=1667 error_types=1 positional_cases=125 named_cases=3
trials=65000 errors=1679 error_types=1 positional_cases=125 named_cases=3
trials=65250 errors=1682 error_types=1 positional_cases=126 named_cases=3
trials=65500 errors=1691 error_types=1 positional_cases=127 named_cases=3
trials=65750 errors=1696 error_types=1 positional_cases=128 named_cases=3
trials=66000 errors=1704 error_types=1 positional_cases=128 named_cases=3
trials=66250 errors=1713 error_types=1 positional_cases=128 named_cases=3
trials=66500 errors=1720 error_types=1 positional_cases=129 named_cases=3
trials=66750 errors=1727 error_types=1 positional_cases=131 named_cases=3
trials=67000 errors=1730 error_types=1 positional_cases=132 named_cases=3
trials=67250 errors=1733 error_types=1 positional_cases=133 named_cases=3
trials=67500 errors=1742 error_types=1 positional_cases=133 named_cases=3
trials=67750 errors=1745 error_types=1 positional_cases=133 named_cases=3
trials=68000 errors=1750 error_types=1 positional_cases=135 named_cases=3
trials=68250 errors=1758 error_types=1 positional_cases=135 named_cases=3
trials=68500 errors=1764 error_types=1 positional_cases=135 named_cases=3
trials=68750 errors=1769 error_types=1 positional_cases=135 named_cases=3
trials=69000 errors=1773 error_types=1 positional_cases=135 named_cases=3
trials=69250 errors=1783 error_types=1 positional_cases=135 named_cases=3
trials=69500 errors=1794 error_types=1 positional_cases=135 named_cases=3
trials=69750 errors=1802 error_types=1 positional_cases=135 named_cases=3
trials=70000 errors=1808 error_types=1 positional_cases=135 named_cases=3
trials=70250 errors=1816 error_types=1 positional_cases=136 named_cases=3
trials=70500 errors=1823 error_types=1 positional_cases=137 named_cases=3
trials=70750 errors=1829 error_types=1 positional_cases=137 named_cases=3
trials=71000 errors=1840 error_types=1 positional_cases=138 named_cases=3
trials=71250 errors=1845 error_types=1 positional_cases=138 named_cases=3
trials=71500 errors=1847 error_types=1 positional_cases=140 named_cases=3
trials=71750 errors=1857 error_types=1 positional_cases=140 named_cases=3
trials=72000 errors=1859 error_types=1 positional_cases=140 named_cases=3
trials=72250 errors=1866 error_types=1 positional_cases=140 named_cases=3
trials=72500 errors=1869 error_types=1 positional_cases=140 named_cases=3
trials=72750 errors=1877 error_types=1 positional_cases=142 named_cases=3
trials=73000 errors=1884 error_types=1 positional_cases=146 named_cases=3
trials=73250 errors=1895 error_types=1 positional_cases=147 named_cases=3
trials=73500 errors=1900 error_types=1 positional_cases=149 named_cases=3
trials=73750 errors=1906 error_types=1 positional_cases=150 named_cases=3
trials=74000 errors=1913 error_types=1 positional_cases=151 named_cases=3
trials=74250 errors=1918 error_types=1 positional_cases=151 named_cases=3
trials=74500 errors=1922 error_types=1 positional_cases=153 named_cases=3
trials=74750 errors=1925 error_types=1 positional_cases=153 named_cases=3
trials=75000 errors=1931 error_types=1 positional_cases=153 named_cases=3
trials=75250 errors=1934 error_types=1 positional_cases=154 named_cases=3
trials=75500 errors=1944 error_types=1 positional_cases=154 named_cases=3
trials=75750 errors=1954 error_types=1 positional_cases=154 named_cases=3
trials=76000 errors=1958 error_types=1 positional_cases=155 named_cases=3
trials=76250 errors=1963 error_types=1 positional_cases=155 named_cases=3
trials=76500 errors=1970 error_types=1 positional_cases=155 named_cases=3
trials=76750 errors=1976 error_types=1 positional_cases=155 named_cases=3
trials=77000 errors=1977 error_types=1 positional_cases=155 named_cases=3
trials=77250 errors=1980 error_types=1 positional_cases=155 named_cases=3
trials=77500 errors=1990 error_types=1 positional_cases=157 named_cases=3
trials=77750 errors=1998 error_types=1 positional_cases=158 named_cases=3
trials=78000 errors=2001 error_types=1 positional_cases=159 named_cases=3
trials=78250 errors=2010 error_types=1 positional_cases=159 named_cases=3
trials=78500 errors=2016 error_types=1 positional_cases=159 named_cases=3
trials=78750 errors=2019 error_types=1 positional_cases=159 named_cases=3
trials=79000 errors=2025 error_types=1 positional_cases=159 named_cases=3
trials=79250 errors=2033 error_types=1 positional_cases=159 named_cases=3
trials=79500 errors=2036 error_types=1 positional_cases=161 named_cases=3
trials=79750 errors=2044 error_types=1 positional_cases=162 named_cases=3
trials=80000 errors=2047 error_types=1 positional_cases=162 named_cases=3
trials=80250 errors=2056 error_types=1 positional_cases=163 named_cases=3
trials=80500 errors=2059 error_types=1 positional_cases=164 named_cases=3
trials=80750 errors=2065 error_types=1 positional_cases=165 named_cases=3
trials=81000 errors=2072 error_types=1 positional_cases=168 named_cases=3
trials=81250 errors=2078 error_types=1 positional_cases=168 named_cases=3
trials=81500 errors=2089 error_types=1 positional_cases=168 named_cases=3
trials=81750 errors=2095 error_types=1 positional_cases=169 named_cases=3
trials=82000 errors=2098 error_types=1 positional_cases=169 named_cases=3
trials=82250 errors=2104 error_types=1 positional_cases=169 named_cases=3
trials=82500 errors=2108 error_types=1 positional_cases=170 named_cases=3
trials=82750 errors=2116 error_types=1 positional_cases=171 named_cases=3
trials=83000 errors=2123 error_types=1 positional_cases=171 named_cases=3
trials=83250 errors=2128 error_types=1 positional_cases=172 named_cases=3
trials=83500 errors=2136 error_types=1 positional_cases=173 named_cases=3
trials=83750 errors=2142 error_types=1 positional_cases=173 named_cases=3
trials=84000 errors=2149 error_types=1 positional_cases=174 named_cases=3
trials=84250 errors=2156 error_types=1 positional_cases=174 named_cases=3
trials=84500 errors=2162 error_types=1 positional_cases=174 named_cases=3
trials=84750 errors=2171 error_types=1 positional_cases=174 named_cases=3
trials=85000 errors=2176 error_types=1 positional_cases=175 named_cases=3
trials=85250 errors=2182 error_types=1 positional_cases=176 named_cases=3
trials=85500 errors=2189 error_types=1 positional_cases=176 named_cases=3
trials=85750 errors=2197 error_types=1 positional_cases=176 named_cases=3
trials=86000 errors=2202 error_types=1 positional_cases=178 named_cases=3
trials=86250 errors=2212 error_types=1 positional_cases=178 named_cases=3
trials=86500 errors=2215 error_types=1 positional_cases=178 named_cases=3
trials=86750 errors=2222 error_types=1 positional_cases=178 named_cases=3
trials=87000 errors=2228 error_types=1 positional_cases=178 named_cases=3
trials=87250 errors=2231 error_types=1 positional_cases=179 named_cases=3
trials=87500 errors=2237 error_types=1 positional_cases=179 named_cases=3
trials=87750 errors=2243 error_types=1 positional_cases=179 named_cases=3
trials=88000 errors=2249 error_types=1 positional_cases=180 named_cases=3
trials=88250 errors=2260 error_types=1 positional_cases=180 named_cases=3
trials=88500 errors=2263 error_types=1 positional_cases=181 named_cases=3
trials=88750 errors=2267 error_types=1 positional_cases=181 named_cases=3
trials=89000 errors=2271 error_types=1 positional_cases=181 named_cases=3
trials=89250 errors=2277 error_types=1 positional_cases=182 named_cases=3
trials=89500 errors=2281 error_types=1 positional_cases=183 named_cases=3
trials=89750 errors=2287 error_types=1 positional_cases=183 named_cases=3
trials=90000 errors=2294 error_types=1 positional_cases=184 named_cases=3
trials=90250 errors=2299 error_types=1 positional_cases=184 named_cases=3
trials=90500 errors=2306 error_types=1 positional_cases=185 named_cases=3
trials=90750 errors=2309 error_types=1 positional_cases=185 named_cases=3
trials=91000 errors=2312 error_types=1 positional_cases=185 named_cases=3
trials=91250 errors=2319 error_types=1 positional_cases=185 named_cases=3
SEMANTIC trial=91398 positional=1 named=1
trials=91500 errors=2325 error_types=1 positional_cases=186 named_cases=4
trials=91750 errors=2333 error_types=1 positional_cases=186 named_cases=4
trials=92000 errors=2342 error_types=1 positional_cases=186 named_cases=4
trials=92250 errors=2350 error_types=1 positional_cases=187 named_cases=4
trials=92500 errors=2356 error_types=1 positional_cases=187 named_cases=4
trials=92750 errors=2362 error_types=1 positional_cases=187 named_cases=4
trials=93000 errors=2368 error_types=1 positional_cases=187 named_cases=4
trials=93250 errors=2372 error_types=1 positional_cases=187 named_cases=4
trials=93500 errors=2380 error_types=1 positional_cases=187 named_cases=4
trials=93750 errors=2383 error_types=1 positional_cases=188 named_cases=4
trials=94000 errors=2392 error_types=1 positional_cases=189 named_cases=4
trials=94250 errors=2398 error_types=1 positional_cases=190 named_cases=4
trials=94500 errors=2407 error_types=1 positional_cases=191 named_cases=4
trials=94750 errors=2413 error_types=1 positional_cases=191 named_cases=4
trials=95000 errors=2416 error_types=1 positional_cases=191 named_cases=4
trials=95250 errors=2420 error_types=1 positional_cases=192 named_cases=4
trials=95500 errors=2423 error_types=1 positional_cases=192 named_cases=4
trials=95750 errors=2428 error_types=1 positional_cases=193 named_cases=4
trials=96000 errors=2436 error_types=1 positional_cases=194 named_cases=4
trials=96250 errors=2440 error_types=1 positional_cases=195 named_cases=4
trials=96500 errors=2446 error_types=1 positional_cases=196 named_cases=4
trials=96750 errors=2451 error_types=1 positional_cases=196 named_cases=4
trials=97000 errors=2459 error_types=1 positional_cases=196 named_cases=4
trials=97250 errors=2466 error_types=1 positional_cases=197 named_cases=4
trials=97500 errors=2470 error_types=1 positional_cases=197 named_cases=4
trials=97750 errors=2479 error_types=1 positional_cases=198 named_cases=4
trials=98000 errors=2489 error_types=1 positional_cases=198 named_cases=4
trials=98250 errors=2492 error_types=1 positional_cases=200 named_cases=4
trials=98500 errors=2495 error_types=1 positional_cases=202 named_cases=4
trials=98750 errors=2499 error_types=1 positional_cases=202 named_cases=4
trials=99000 errors=2505 error_types=1 positional_cases=202 named_cases=4
trials=99250 errors=2510 error_types=1 positional_cases=204 named_cases=4
trials=99500 errors=2516 error_types=1 positional_cases=205 named_cases=4
trials=99750 errors=2523 error_types=1 positional_cases=205 named_cases=4
trials=100000 errors=2533 error_types=1 positional_cases=206 named_cases=4
FINAL trials=100000 errors=2533 positional_cases=206 named_cases=4
attempt to select less than one element in get1index
                                                2533
