also installing the dependency ‘backports’

trying URL 'https://cloud.r-project.org/src/contrib/backports_1.5.1.tar.gz'
trying URL 'https://cloud.r-project.org/src/contrib/checkmate_2.3.4.tar.gz'
begin installing package ‘backports’
* installing *source* package ‘backports’ ...
** this is package ‘backports’ version ‘1.5.1’
** package ‘backports’ successfully unpacked and MD5 sums checked
** using staged installation
** libs
using C compiler: ‘x86_64-linux-gnu-gcc (Debian 15.3.0-1) 15.3.0’
make[1]: Entering directory '/tmp/RtmpWhIXQt/R.INSTALL3a22999640/backports/src'
x86_64-linux-gnu-gcc -I"/usr/share/R/include" -DNDEBUG       -fpic  -g -O2 -ffile-prefix-map=/build/reproducible-path/r-base-4.6.1=. -fstack-protector-strong -fstack-clash-protection -Wformat -Werror=format-security -fcf-protection -Wdate-time -D_FORTIFY_SOURCE=2  -c dotsElt.c -o dotsElt.o
x86_64-linux-gnu-gcc -I"/usr/share/R/include" -DNDEBUG       -fpic  -g -O2 -ffile-prefix-map=/build/reproducible-path/r-base-4.6.1=. -fstack-protector-strong -fstack-clash-protection -Wformat -Werror=format-security -fcf-protection -Wdate-time -D_FORTIFY_SOURCE=2  -c dotsLength.c -o dotsLength.o
x86_64-linux-gnu-gcc -I"/usr/share/R/include" -DNDEBUG       -fpic  -g -O2 -ffile-prefix-map=/build/reproducible-path/r-base-4.6.1=. -fstack-protector-strong -fstack-clash-protection -Wformat -Werror=format-security -fcf-protection -Wdate-time -D_FORTIFY_SOURCE=2  -c dotsNames.c -o dotsNames.o
x86_64-linux-gnu-gcc -I"/usr/share/R/include" -DNDEBUG       -fpic  -g -O2 -ffile-prefix-map=/build/reproducible-path/r-base-4.6.1=. -fstack-protector-strong -fstack-clash-protection -Wformat -Werror=format-security -fcf-protection -Wdate-time -D_FORTIFY_SOURCE=2  -c init.c -o init.o
x86_64-linux-gnu-gcc -shared -L/usr/lib/R/lib -Wl,-z,relro -o backports.so dotsElt.o dotsLength.o dotsNames.o init.o -L/usr/lib/R/lib -lR
make[1]: Leaving directory '/tmp/RtmpWhIXQt/R.INSTALL3a22999640/backports/src'
installing to /work/attic/cnf_verify3/representation/r46-library/00LOCK-backports/00new/backports/libs
** R
** byte-compile and prepare package for lazy loading
** help
*** installing help indices
** building package indices
** testing if installed package can be loaded from temporary location
** checking absolute paths in shared objects and dynamic libraries
** testing if installed package can be loaded from final location
** testing if installed package keeps a record of temporary installation path
* DONE (backports)
begin installing package ‘checkmate’
* installing *source* package ‘checkmate’ ...
** this is package ‘checkmate’ version ‘2.3.4’
** package ‘checkmate’ successfully unpacked and MD5 sums checked
** using staged installation
** libs
using C compiler: ‘x86_64-linux-gnu-gcc (Debian 15.3.0-1) 15.3.0’
make[1]: Entering directory '/tmp/RtmpvQ5XIQ/R.INSTALL1304aea875f/checkmate/src'
x86_64-linux-gnu-gcc -I"/usr/share/R/include" -DNDEBUG       -fpic  -g -O2 -ffile-prefix-map=/build/reproducible-path/r-base-4.6.1=. -fstack-protector-strong -fstack-clash-protection -Wformat -Werror=format-security -fcf-protection -Wdate-time -D_FORTIFY_SOURCE=2  -c all_missing.c -o all_missing.o
x86_64-linux-gnu-gcc -I"/usr/share/R/include" -DNDEBUG       -fpic  -g -O2 -ffile-prefix-map=/build/reproducible-path/r-base-4.6.1=. -fstack-protector-strong -fstack-clash-protection -Wformat -Werror=format-security -fcf-protection -Wdate-time -D_FORTIFY_SOURCE=2  -c any_infinite.c -o any_infinite.o
x86_64-linux-gnu-gcc -I"/usr/share/R/include" -DNDEBUG       -fpic  -g -O2 -ffile-prefix-map=/build/reproducible-path/r-base-4.6.1=. -fstack-protector-strong -fstack-clash-protection -Wformat -Werror=format-security -fcf-protection -Wdate-time -D_FORTIFY_SOURCE=2  -c any_missing.c -o any_missing.o
x86_64-linux-gnu-gcc -I"/usr/share/R/include" -DNDEBUG       -fpic  -g -O2 -ffile-prefix-map=/build/reproducible-path/r-base-4.6.1=. -fstack-protector-strong -fstack-clash-protection -Wformat -Werror=format-security -fcf-protection -Wdate-time -D_FORTIFY_SOURCE=2  -c any_nan.c -o any_nan.o
x86_64-linux-gnu-gcc -I"/usr/share/R/include" -DNDEBUG       -fpic  -g -O2 -ffile-prefix-map=/build/reproducible-path/r-base-4.6.1=. -fstack-protector-strong -fstack-clash-protection -Wformat -Werror=format-security -fcf-protection -Wdate-time -D_FORTIFY_SOURCE=2  -c checks.c -o checks.o
x86_64-linux-gnu-gcc -I"/usr/share/R/include" -DNDEBUG       -fpic  -g -O2 -ffile-prefix-map=/build/reproducible-path/r-base-4.6.1=. -fstack-protector-strong -fstack-clash-protection -Wformat -Werror=format-security -fcf-protection -Wdate-time -D_FORTIFY_SOURCE=2  -c find_nchar.c -o find_nchar.o
x86_64-linux-gnu-gcc -I"/usr/share/R/include" -DNDEBUG       -fpic  -g -O2 -ffile-prefix-map=/build/reproducible-path/r-base-4.6.1=. -fstack-protector-strong -fstack-clash-protection -Wformat -Werror=format-security -fcf-protection -Wdate-time -D_FORTIFY_SOURCE=2  -c guess_type.c -o guess_type.o
x86_64-linux-gnu-gcc -I"/usr/share/R/include" -DNDEBUG       -fpic  -g -O2 -ffile-prefix-map=/build/reproducible-path/r-base-4.6.1=. -fstack-protector-strong -fstack-clash-protection -Wformat -Werror=format-security -fcf-protection -Wdate-time -D_FORTIFY_SOURCE=2  -c helper.c -o helper.o
x86_64-linux-gnu-gcc -I"/usr/share/R/include" -DNDEBUG       -fpic  -g -O2 -ffile-prefix-map=/build/reproducible-path/r-base-4.6.1=. -fstack-protector-strong -fstack-clash-protection -Wformat -Werror=format-security -fcf-protection -Wdate-time -D_FORTIFY_SOURCE=2  -c init.c -o init.o
x86_64-linux-gnu-gcc -I"/usr/share/R/include" -DNDEBUG       -fpic  -g -O2 -ffile-prefix-map=/build/reproducible-path/r-base-4.6.1=. -fstack-protector-strong -fstack-clash-protection -Wformat -Werror=format-security -fcf-protection -Wdate-time -D_FORTIFY_SOURCE=2  -c integerish.c -o integerish.o
x86_64-linux-gnu-gcc -I"/usr/share/R/include" -DNDEBUG       -fpic  -g -O2 -ffile-prefix-map=/build/reproducible-path/r-base-4.6.1=. -fstack-protector-strong -fstack-clash-protection -Wformat -Werror=format-security -fcf-protection -Wdate-time -D_FORTIFY_SOURCE=2  -c is_sorted.c -o is_sorted.o
x86_64-linux-gnu-gcc -I"/usr/share/R/include" -DNDEBUG       -fpic  -g -O2 -ffile-prefix-map=/build/reproducible-path/r-base-4.6.1=. -fstack-protector-strong -fstack-clash-protection -Wformat -Werror=format-security -fcf-protection -Wdate-time -D_FORTIFY_SOURCE=2  -c qassert.c -o qassert.o
x86_64-linux-gnu-gcc -I"/usr/share/R/include" -DNDEBUG       -fpic  -g -O2 -ffile-prefix-map=/build/reproducible-path/r-base-4.6.1=. -fstack-protector-strong -fstack-clash-protection -Wformat -Werror=format-security -fcf-protection -Wdate-time -D_FORTIFY_SOURCE=2  -c which_first.c -o which_first.o
x86_64-linux-gnu-gcc -shared -L/usr/lib/R/lib -Wl,-z,relro -o checkmate.so all_missing.o any_infinite.o any_missing.o any_nan.o checks.o find_nchar.o guess_type.o helper.o init.o integerish.o is_sorted.o qassert.o which_first.o -L/usr/lib/R/lib -lR
make[1]: Leaving directory '/tmp/RtmpvQ5XIQ/R.INSTALL1304aea875f/checkmate/src'
installing to /work/attic/cnf_verify3/representation/r46-library/00LOCK-checkmate/00new/checkmate/libs
** R
** inst
** byte-compile and prepare package for lazy loading
** help
*** installing help indices
** building package indices
** installing vignettes
** testing if installed package can be loaded from temporary location
** checking absolute paths in shared objects and dynamic libraries
** testing if installed package can be loaded from final location
** testing if installed package keeps a record of temporary installation path
* DONE (checkmate)

The downloaded source packages are in
	‘/tmp/Rtmpt2B6dc/downloaded_packages’
