FIRST pair_profiles_4_occurrences noncanonical_correct at 6
list(category = "noncanonical_correct", domains = list(X = c("v0",
"v3")), raw = list(list(X = "v3"), list(X = "v3")), selectors = list(
    c(1L, 1L), c(1L, 1L)), selected = list(list(X = "v3", X = "v3"),
    list(X = "v3", X = "v3")), output = list(list(X = "v3", X = "v3")),
    truth = structure(list(X = c("v0", "v3"), expected = c(FALSE,
    TRUE), positional = c(FALSE, TRUE), named = c(FALSE, TRUE
    )), class = "data.frame", row.names = c(NA, -2L)))
FIRST pair_profiles_4_occurrences error at 50
list(category = "error", error = "attempt to select less than one element in get1index",
    domains = list(X = c("v0", "v1", "v3")), raw = list(list(
        X = c("v1", "v3")), list(X = "v3")), selectors = list(
        1L, c(1L, 1L)))
PROGRESS 10 of 81 seconds 1.373
PROGRESS 20 of 81 seconds 2.073
FIRST pair_profiles_4_occurrences noncanonical_stale at 3975
list(category = "noncanonical_stale", domains = list(X = c("v1",
"v2", "v3"), Y = c("v0", "v3")), raw = list(list(X = c("v1",
"v3"), Y = "v3"), list(X = c("v2", "v3"), Y = "v3")), selectors = list(
    2:1, c(2L, 1L, 1L)), selected = list(list(Y = "v3", X = c("v1",
"v3")), list(Y = "v3", X = c("v2", "v3"), X = c("v2", "v3"))),
    output = list(list(Y = "v3", X = "v3", X = c("v2", "v3"))),
    truth = structure(list(X = c("v1", "v2", "v3", "v1", "v2",
    "v3"), Y = c("v0", "v0", "v0", "v3", "v3", "v3"), expected = c(FALSE,
    FALSE, TRUE, TRUE, TRUE, TRUE), positional = c(FALSE, TRUE,
    TRUE, TRUE, TRUE, TRUE), named = c(FALSE, FALSE, TRUE, TRUE,
    TRUE, TRUE)), class = "data.frame", row.names = c(NA, -6L
    )))
PROGRESS 30 of 81 seconds 5.424
PROGRESS 40 of 81 seconds 8.485
PROGRESS 50 of 81 seconds 11.601
PROGRESS 60 of 81 seconds 14.758
PROGRESS 70 of 81 seconds 17.927
PROGRESS 80 of 81 seconds 21.041
       canonical_correct     noncanonical_correct       noncanonical_stale
                     917                    25353                       48
noncanonical_named_wrong  noncanonical_both_wrong          canonical_wrong
                       0                        0                        0
                   error
                       6
