{"source_exhaustive_done": {"least_models_verified": 57, "source_cases": 1541, "nested_directed": 1, "nested_permutations": 48, "duplicate_original_units": 8, "semilattice_unsat_verified": 2, "nonchain_directed": 1, "general_gac_nonempty_but_unsat": 2, "outside_class_unsat": 1, "projection_gap": 1, "boxes_enumerated": 62329, "fixed_boxes_found": 21423, "all_boolean_two_symbol_sets": 256, "all_ternary_two_clause_multisets": 1225}}
{"source_semilattice_done": "size_2_type_0", "counts": {"least_models_verified": 118, "source_cases": 2411, "nested_directed": 1, "nested_permutations": 48, "duplicate_original_units": 8, "semilattice_unsat_verified": 61, "nonchain_directed": 1, "general_gac_nonempty_but_unsat": 3, "outside_class_unsat": 1, "projection_gap": 1, "boxes_enumerated": 62329, "fixed_boxes_found": 21423, "all_boolean_two_symbol_sets": 256, "all_ternary_two_clause_multisets": 1225, "general_random": 750, "semilattice_size_2_type_0": 120}}
{"source_semilattice_done": "size_3_type_0", "counts": {"least_models_verified": 188, "source_cases": 2531, "nested_directed": 1, "nested_permutations": 48, "duplicate_original_units": 8, "semilattice_unsat_verified": 111, "nonchain_directed": 1, "general_gac_nonempty_but_unsat": 3, "outside_class_unsat": 1, "projection_gap": 1, "boxes_enumerated": 62329, "fixed_boxes_found": 21423, "all_boolean_two_symbol_sets": 256, "all_ternary_two_clause_multisets": 1225, "general_random": 750, "semilattice_size_2_type_0": 120, "semilattice_size_3_type_0": 120}}
{"source_semilattice_done": "size_3_type_1", "counts": {"least_models_verified": 255, "source_cases": 2651, "nested_directed": 1, "nested_permutations": 48, "duplicate_original_units": 8, "semilattice_unsat_verified": 164, "nonchain_directed": 1, "general_gac_nonempty_but_unsat": 3, "outside_class_unsat": 1, "projection_gap": 1, "boxes_enumerated": 62329, "fixed_boxes_found": 21423, "all_boolean_two_symbol_sets": 256, "all_ternary_two_clause_multisets": 1225, "general_random": 750, "semilattice_size_2_type_0": 120, "semilattice_size_3_type_0": 120, "semilattice_size_3_type_1": 120}}
{"source_semilattice_done": "size_4_type_0", "counts": {"least_models_verified": 339, "source_cases": 2771, "nested_directed": 1, "nested_permutations": 48, "duplicate_original_units": 8, "semilattice_unsat_verified": 200, "nonchain_directed": 1, "general_gac_nonempty_but_unsat": 3, "outside_class_unsat": 1, "projection_gap": 1, "boxes_enumerated": 62329, "fixed_boxes_found": 21423, "all_boolean_two_symbol_sets": 256, "all_ternary_two_clause_multisets": 1225, "general_random": 750, "semilattice_size_2_type_0": 120, "semilattice_size_3_type_0": 120, "semilattice_size_3_type_1": 120, "semilattice_size_4_type_0": 120}}
{"source_semilattice_done": "size_4_type_1", "counts": {"least_models_verified": 427, "source_cases": 2891, "nested_directed": 1, "nested_permutations": 48, "duplicate_original_units": 8, "semilattice_unsat_verified": 232, "nonchain_directed": 1, "general_gac_nonempty_but_unsat": 3, "outside_class_unsat": 1, "projection_gap": 1, "boxes_enumerated": 62329, "fixed_boxes_found": 21423, "all_boolean_two_symbol_sets": 256, "all_ternary_two_clause_multisets": 1225, "general_random": 750, "semilattice_size_2_type_0": 120, "semilattice_size_3_type_0": 120, "semilattice_size_3_type_1": 120, "semilattice_size_4_type_0": 120, "semilattice_size_4_type_1": 120}}
{"source_semilattice_done": "size_4_type_2", "counts": {"least_models_verified": 503, "source_cases": 3011, "nested_directed": 1, "nested_permutations": 48, "duplicate_original_units": 8, "semilattice_unsat_verified": 276, "nonchain_directed": 1, "general_gac_nonempty_but_unsat": 3, "outside_class_unsat": 1, "projection_gap": 1, "boxes_enumerated": 62329, "fixed_boxes_found": 21423, "all_boolean_two_symbol_sets": 256, "all_ternary_two_clause_multisets": 1225, "general_random": 750, "semilattice_size_2_type_0": 120, "semilattice_size_3_type_0": 120, "semilattice_size_3_type_1": 120, "semilattice_size_4_type_0": 120, "semilattice_size_4_type_1": 120, "semilattice_size_4_type_2": 120}}
{"source_semilattice_done": "size_4_type_3", "counts": {"least_models_verified": 583, "source_cases": 3131, "nested_directed": 1, "nested_permutations": 48, "duplicate_original_units": 8, "semilattice_unsat_verified": 316, "nonchain_directed": 1, "general_gac_nonempty_but_unsat": 3, "outside_class_unsat": 1, "projection_gap": 1, "boxes_enumerated": 62329, "fixed_boxes_found": 21423, "all_boolean_two_symbol_sets": 256, "all_ternary_two_clause_multisets": 1225, "general_random": 750, "semilattice_size_2_type_0": 120, "semilattice_size_3_type_0": 120, "semilattice_size_3_type_1": 120, "semilattice_size_4_type_0": 120, "semilattice_size_4_type_1": 120, "semilattice_size_4_type_2": 120, "semilattice_size_4_type_3": 120}}
{"source_semilattice_done": "size_4_type_4", "counts": {"least_models_verified": 667, "source_cases": 3251, "nested_directed": 1, "nested_permutations": 48, "duplicate_original_units": 8, "semilattice_unsat_verified": 352, "nonchain_directed": 1, "general_gac_nonempty_but_unsat": 3, "outside_class_unsat": 1, "projection_gap": 1, "boxes_enumerated": 62329, "fixed_boxes_found": 21423, "all_boolean_two_symbol_sets": 256, "all_ternary_two_clause_multisets": 1225, "general_random": 750, "semilattice_size_2_type_0": 120, "semilattice_size_3_type_0": 120, "semilattice_size_3_type_1": 120, "semilattice_size_4_type_0": 120, "semilattice_size_4_type_1": 120, "semilattice_size_4_type_2": 120, "semilattice_size_4_type_3": 120, "semilattice_size_4_type_4": 120}}
{"source_semilattice_done": "M3", "counts": {"least_models_verified": 750, "source_cases": 3371, "nested_directed": 1, "nested_permutations": 48, "duplicate_original_units": 8, "semilattice_unsat_verified": 389, "nonchain_directed": 1, "general_gac_nonempty_but_unsat": 3, "outside_class_unsat": 1, "projection_gap": 1, "boxes_enumerated": 62329, "fixed_boxes_found": 21423, "all_boolean_two_symbol_sets": 256, "all_ternary_two_clause_multisets": 1225, "general_random": 750, "semilattice_size_2_type_0": 120, "semilattice_size_3_type_0": 120, "semilattice_size_3_type_1": 120, "semilattice_size_4_type_0": 120, "semilattice_size_4_type_1": 120, "semilattice_size_4_type_2": 120, "semilattice_size_4_type_3": 120, "semilattice_size_4_type_4": 120, "semilattice_M3": 120}}
{"source_semilattice_done": "N5", "counts": {"least_models_verified": 837, "source_cases": 3491, "nested_directed": 1, "nested_permutations": 48, "duplicate_original_units": 8, "semilattice_unsat_verified": 422, "nonchain_directed": 1, "general_gac_nonempty_but_unsat": 3, "outside_class_unsat": 1, "projection_gap": 1, "boxes_enumerated": 62329, "fixed_boxes_found": 21423, "all_boolean_two_symbol_sets": 256, "all_ternary_two_clause_multisets": 1225, "general_random": 750, "semilattice_size_2_type_0": 120, "semilattice_size_3_type_0": 120, "semilattice_size_3_type_1": 120, "semilattice_size_4_type_0": 120, "semilattice_size_4_type_1": 120, "semilattice_size_4_type_2": 120, "semilattice_size_4_type_3": 120, "semilattice_size_4_type_4": 120, "semilattice_M3": 120, "semilattice_N5": 120}}
{"source_semilattice_done": "powerset_3", "counts": {"least_models_verified": 932, "source_cases": 3611, "nested_directed": 1, "nested_permutations": 48, "duplicate_original_units": 8, "semilattice_unsat_verified": 447, "nonchain_directed": 1, "general_gac_nonempty_but_unsat": 3, "outside_class_unsat": 1, "projection_gap": 1, "boxes_enumerated": 62329, "fixed_boxes_found": 21423, "all_boolean_two_symbol_sets": 256, "all_ternary_two_clause_multisets": 1225, "general_random": 750, "semilattice_size_2_type_0": 120, "semilattice_size_3_type_0": 120, "semilattice_size_3_type_1": 120, "semilattice_size_4_type_0": 120, "semilattice_size_4_type_1": 120, "semilattice_size_4_type_2": 120, "semilattice_size_4_type_3": 120, "semilattice_size_4_type_4": 120, "semilattice_M3": 120, "semilattice_N5": 120, "semilattice_powerset_3": 120}}
{
  "version": {
    "ok": true,
    "version": "R version 4.6.1 (2026-06-24)",
    "source_md5": "376aac6eb81334e751e9351f9eddc02f"
  },
  "algebra": {
    "counts": {
      "all_labeled_unary_binary": 16350,
      "all_unlabeled_ternary": 14160,
      "M3": 1200,
      "N5": 1200,
      "powerset_3": 1300
    },
    "labeled_counts": {
      "1": 1,
      "2": 2,
      "3": 9,
      "4": 76
    },
    "unlabeled_counts": {
      "1": 1,
      "2": 1,
      "3": 2,
      "4": 5
    }
  },
  "source": {
    "least_models_verified": 1090,
    "source_cases": 3791,
    "nested_directed": 1,
    "nested_permutations": 48,
    "duplicate_original_units": 8,
    "semilattice_unsat_verified": 469,
    "nonchain_directed": 1,
    "general_gac_nonempty_but_unsat": 3,
    "outside_class_unsat": 1,
    "projection_gap": 1,
    "boxes_enumerated": 62329,
    "fixed_boxes_found": 21423,
    "all_boolean_two_symbol_sets": 256,
    "all_ternary_two_clause_multisets": 1225,
    "general_random": 750,
    "semilattice_size_2_type_0": 120,
    "semilattice_size_3_type_0": 120,
    "semilattice_size_3_type_1": 120,
    "semilattice_size_4_type_0": 120,
    "semilattice_size_4_type_1": 120,
    "semilattice_size_4_type_2": 120,
    "semilattice_size_4_type_3": 120,
    "semilattice_size_4_type_4": 120,
    "semilattice_M3": 120,
    "semilattice_N5": 120,
    "semilattice_powerset_3": 120,
    "mixed_semilattices": 180
  },
  "tables": {
    "size_1_type_0": [
      [
        0
      ]
    ],
    "size_2_type_0": [
      [
        0,
        0
      ],
      [
        0,
        1
      ]
    ],
    "size_3_type_0": [
      [
        0,
        0,
        0
      ],
      [
        0,
        1,
        0
      ],
      [
        0,
        0,
        2
      ]
    ],
    "size_3_type_1": [
      [
        0,
        0,
        0
      ],
      [
        0,
        1,
        1
      ],
      [
        0,
        1,
        2
      ]
    ],
    "size_4_type_0": [
      [
        0,
        0,
        0,
        0
      ],
      [
        0,
        1,
        0,
        0
      ],
      [
        0,
        0,
        2,
        0
      ],
      [
        0,
        0,
        0,
        3
      ]
    ],
    "size_4_type_1": [
      [
        0,
        0,
        0,
        0
      ],
      [
        0,
        1,
        0,
        0
      ],
      [
        0,
        0,
        2,
        2
      ],
      [
        0,
        0,
        2,
        3
      ]
    ],
    "size_4_type_2": [
      [
        0,
        0,
        0,
        0
      ],
      [
        0,
        1,
        0,
        1
      ],
      [
        0,
        0,
        2,
        2
      ],
      [
        0,
        1,
        2,
        3
      ]
    ],
    "size_4_type_3": [
      [
        0,
        0,
        0,
        0
      ],
      [
        0,
        1,
        1,
        1
      ],
      [
        0,
        1,
        2,
        1
      ],
      [
        0,
        1,
        1,
        3
      ]
    ],
    "size_4_type_4": [
      [
        0,
        0,
        0,
        0
      ],
      [
        0,
        1,
        1,
        1
      ],
      [
        0,
        1,
        2,
        2
      ],
      [
        0,
        1,
        2,
        3
      ]
    ],
    "M3": [
      [
        0,
        0,
        0,
        0,
        0
      ],
      [
        0,
        1,
        0,
        0,
        1
      ],
      [
        0,
        0,
        2,
        0,
        2
      ],
      [
        0,
        0,
        0,
        3,
        3
      ],
      [
        0,
        1,
        2,
        3,
        4
      ]
    ],
    "N5": [
      [
        0,
        0,
        0,
        0,
        0
      ],
      [
        0,
        1,
        1,
        0,
        1
      ],
      [
        0,
        1,
        2,
        0,
        2
      ],
      [
        0,
        0,
        0,
        3,
        3
      ],
      [
        0,
        1,
        2,
        3,
        4
      ]
    ],
    "powerset_3": [
      [
        0,
        0,
        0,
        0,
        0,
        0,
        0,
        0
      ],
      [
        0,
        1,
        0,
        1,
        0,
        1,
        0,
        1
      ],
      [
        0,
        0,
        2,
        2,
        0,
        0,
        2,
        2
      ],
      [
        0,
        1,
        2,
        3,
        0,
        1,
        2,
        3
      ],
      [
        0,
        0,
        0,
        0,
        4,
        4,
        4,
        4
      ],
      [
        0,
        1,
        0,
        1,
        4,
        5,
        4,
        5
      ],
      [
        0,
        0,
        2,
        2,
        4,
        4,
        6,
        6
      ],
      [
        0,
        1,
        2,
        3,
        4,
        5,
        6,
        7
      ]
    ]
  },
  "elapsed_seconds": 18.842,
  "status": "all checks passed"
}
