Threshold q=2: 1 productive passes, 0 frozen symbols.
Threshold q=3: 0 productive passes, 3 frozen symbols.
Threshold q=4: 0 productive passes, 4 frozen symbols.
Threshold q=8: 0 productive passes, 8 frozen symbols.
Threshold q=32: 0 productive passes, 32 frozen symbols.
Threshold q=100: 0 productive passes, 100 frozen symbols.
Seven clauses, 1 guard symbols: three productive passes; Phi 33 -> 32 -> 31 -> 30 -> 30.
Seven clauses, 2 guard symbols: three productive passes; Phi 42 -> 41 -> 40 -> 39 -> 39.
Seven clauses, 3 guard symbols: three productive passes; Phi 24 -> 23 -> 22 -> 21 -> 21.
Seven clauses, 4 guard symbols: three productive passes; Phi 24 -> 23 -> 22 -> 21 -> 21.
Seven clauses, 8 guard symbols: three productive passes; Phi 24 -> 23 -> 22 -> 21 -> 21.
Seven clauses, 16 guard symbols: three productive passes; Phi 24 -> 23 -> 22 -> 21 -> 21.
Random frozen-group cases: 50/250.
Random frozen-group cases: 100/250.
Random frozen-group cases: 150/250.
Random frozen-group cases: 200/250.
Random frozen-group cases: 250/250.
$cases
[1] 263

$actual_mutation_checks
[1] 645

$total_productive_passes
[1] 181

$frozen_symbol_occurrences
[1] 1714

$truth_rows
[1] 113594

$source_hook_counts
$source_hook_counts$sort
[1] 1

$source_hook_counts$unit_merge
[1] 1

$source_hook_counts$range_or_literal_change
[1] 2


$R
[1] "R version 4.6.1 (2026-06-24)"

$package
[1] "0.11.0.9000"

All frozen-symbol, whole-fiber, actual-subset, potential-descent, installed-source agreement, and bounded full-truth checks passed.
