Seed 15446 clauses 3 atoms 5 selected 6 calls 84
list(case = list(domains = list(X1 = c("v2", "v3", "v4"), X2 = c("v1",
"v2")), raw = list(list(X1 = c("v3", "v4")), list(X2 = "v2",
    X1 = "v3"), list(X2 = "v1", X1 = "v2")), selectors = list(
    c(1L, 1L), 2:1, 2:1)), output = list(list(X1 = "v3", X1 = c("v3",
"v4")), list(X1 = "v2", X2 = "v1")), assignments = structure(list(
    X1 = c("v2", "v3", "v4", "v2", "v3", "v4"), X2 = c("v1",
    "v1", "v1", "v2", "v2", "v2")), out.attrs = list(dim = structure(3:2, .Names = c("X1",
"X2")), dimnames = list(X1 = c("X1=v2", "X1=v3", "X1=v4"), X2 = c("X2=v1",
"X2=v2"))), class = "data.frame", row.names = c(NA, -6L)), expected = c(FALSE,
TRUE, FALSE, FALSE, FALSE, FALSE), positional = c(FALSE, TRUE,
TRUE, FALSE, FALSE, FALSE), named = c(FALSE, TRUE, FALSE, FALSE,
FALSE, FALSE), positional_mismatch = 3L, named_mismatch = integer(0))
Seed 33079 clauses 3 atoms 5 selected 6 calls 147
list(case = list(domains = list(X1 = c("v1", "v2", "v3"), X2 = c("v1",
"v2")), raw = list(list(X1 = c("v2", "v3")), list(X1 = "v3",
    X2 = "v2"), list(X1 = "v1", X2 = "v1")), selectors = list(
    c(1L, 1L), 1:2, 1:2)), output = list(list(X1 = "v3", X1 = c("v2",
"v3")), list(X1 = "v1", X2 = "v1")), assignments = structure(list(
    X1 = c("v1", "v2", "v3", "v1", "v2", "v3"), X2 = c("v1",
    "v1", "v1", "v2", "v2", "v2")), out.attrs = list(dim = structure(3:2, .Names = c("X1",
"X2")), dimnames = list(X1 = c("X1=v1", "X1=v2", "X1=v3"), X2 = c("X2=v1",
"X2=v2"))), class = "data.frame", row.names = c(NA, -6L)), expected = c(FALSE,
FALSE, TRUE, FALSE, FALSE, FALSE), positional = c(FALSE, TRUE,
TRUE, FALSE, FALSE, FALSE), named = c(FALSE, FALSE, TRUE, FALSE,
FALSE, FALSE), positional_mismatch = 2L, named_mismatch = integer(0))
Seed 43067 clauses 2 atoms 4 selected 5 calls 329
list(case = list(domains = list(X1 = c("v1", "v3"), X2 = c("v3",
"v4", "v5")), raw = list(list(X1 = "v1", X2 = c("v4", "v5")),
    list(X1 = "v1", X2 = c("v5", "v3"))), selectors = list(2:1,
    c(2L, 1L, 2L))), output = list(list(X2 = "v5", X1 = "v1",
    X2 = c("v5", "v3"))), assignments = structure(list(X1 = c("v1",
"v3", "v1", "v3", "v1", "v3"), X2 = c("v3", "v3", "v4", "v4",
"v5", "v5")), out.attrs = list(dim = structure(2:3, .Names = c("X1",
"X2")), dimnames = list(X1 = c("X1=v1", "X1=v3"), X2 = c("X2=v3",
"X2=v4", "X2=v5"))), class = "data.frame", row.names = c(NA,
-6L)), expected = c(TRUE, FALSE, TRUE, FALSE, TRUE, TRUE), positional = c(TRUE,
TRUE, TRUE, FALSE, TRUE, TRUE), named = c(TRUE, FALSE, TRUE,
FALSE, TRUE, TRUE), positional_mismatch = 2L, named_mismatch = integer(0))
Seed 91398 clauses 2 atoms 4 selected 5 calls 515
list(case = list(domains = list(X1 = c("v2", "v3", "v4"), X2 = c("v4",
"v5")), raw = list(list(X2 = "v5", X1 = c("v2", "v4")), list(
    X2 = "v5", X1 = c("v3", "v2"))), selectors = list(c(2L, 1L,
2L), 2:1)), output = list(list(X1 = "v2", X2 = "v5", X1 = c("v2",
"v4"))), assignments = structure(list(X1 = c("v2", "v3", "v4",
"v2", "v3", "v4"), X2 = c("v4", "v4", "v4", "v5", "v5", "v5")), out.attrs = list(
    dim = structure(3:2, .Names = c("X1", "X2")), dimnames = list(
        X1 = c("X1=v2", "X1=v3", "X1=v4"), X2 = c("X2=v4", "X2=v5"
        ))), class = "data.frame", row.names = c(NA, -6L)), expected = c(TRUE,
FALSE, FALSE, TRUE, TRUE, TRUE), positional = c(TRUE, FALSE,
TRUE, TRUE, TRUE, TRUE), named = c(TRUE, FALSE, FALSE, TRUE,
TRUE, TRUE), positional_mismatch = 3L, named_mismatch = integer(0))
R: R version 3.6.3 (2020-02-29) ; checkmate: 2.3.4
