Normalization 25 inputs
Normalization 50 inputs
Normalization 75 inputs
Normalization 100 inputs
Normalization 125 inputs
Exhaustive components 1 of 21
Exhaustive components 2 of 21
Exhaustive components 3 of 21
Exhaustive components 4 of 21
Exhaustive components 5 of 21
Exhaustive components 6 of 21
Exhaustive components 7 of 21
Exhaustive components 8 of 21
Exhaustive components 9 of 21
Exhaustive components 10 of 21
Exhaustive components 11 of 21
Exhaustive components 12 of 21
Exhaustive components 13 of 21
Exhaustive components 14 of 21
Exhaustive components 15 of 21
Exhaustive components 16 of 21
Exhaustive components 17 of 21
Exhaustive components 18 of 21
Exhaustive components 19 of 21
Exhaustive components 20 of 21
Exhaustive components 21 of 21
Generated components 25
Generated components 50
Generated components 75
Generated components 100
Generated components 125
Generated components 150
Generated components 175
Generated components 200
Generated components 225
$R
[1] "R version 3.6.3 (2020-02-29)"

$source_sha256
[1] "7d34ad60035509a463168752bb5f6f82d87fd7182a94a0e48461be7cdbe35fdc"

$seed
[1] 904117

$normalization
           cases             runs   exact_payloads     exact_traces
             135              945              810              810
       exact_hla       truth_rows           events           writes
            2910             9355           830137             4081
       pair_rows unit_containment      nonunit_hla         unit_hla
           10836              462             3052              343
repeated_virtual    named_virtual    cross_helpers metadata_entries
            2245              970                0            39228
      cross_rows
               0

$components
                    cases          exhaustive_cases            directed_cases
                     2433                      1993                       200
             random_cases              global_calls            isolated_calls
                      240                      4635                      9475
           exact_payloads     exact_local_histories            false_prefixes
                     9274                      9274                       201
               truth_rows               false_cases              fixed_points
                    69091                        88                      2345
maximum_productive_checks          multi_productive                    events
                     2345                        99                   3902765
                   writes                 pair_rows          unit_containment
                    11263                     60446                      1128
              nonunit_hla                  unit_hla          repeated_virtual
                    10704                       869                         0
            named_virtual             cross_helpers          metadata_entries
                        0                     27807                    164520
               cross_rows
                    21008

$controls
$controls$storage_branch_detected
[1] TRUE

$controls$bad_complement_rejected
[1] "!any(missing %in% new) is not TRUE"

$controls$unstable_order_detected
[1] TRUE

$controls$unstable_order_truth_rows
[1] 81

$controls$semantic_clause_deletion_detected
[1] TRUE


$sites
$sites$`&&1`
[1] 8

$sites$`&&2`
[1] 8

$sites$`||1`
[1] 26

$sites$`||2`
[1] 26

$sites$`for`
[1] 23

$sites$`if`
[1] 108


$fixture_paths
[1] "outside_skip_satisfiable_dense.json"
[2] "minimized_sse1.json"
[3] "minimized_first_order_phase_sse1.json"
[4] "minimized_sse2.json"
[5] "directed_oneend_shrink_min.json"
[6] "minimized_oneend_symbol_removal.json"
[7] "minimized_subsumption.json"
[8] "minimized_deferred_skip.json"
