identical = TRUE
attribute order identical = TRUE
strict numeric/NA identical = TRUE
serialized lengths = 7351 7351
differing byte count = 1
     position a b
[1,]      223 2 0
root/2
list(list(2L, FALSE), list(131L, integer(0)), list(133L, FALSE),
    list(134L, 1:2), list("helper:char_intersect", NULL), list(
        135L, character(0)), list(139L, FALSE), list(140L, FALSE),
    list(138L, FALSE), list(141L, c("X", "Y")), list(142L, TRUE),
    list(142L, TRUE), list("helper:char_intersect", NULL), list(
        135L, character(0)), list(139L, FALSE), list(140L, FALSE),
    list(138L, FALSE), list(141L, c("X", "Y")), list(142L, FALSE),
    list(142L, FALSE), list(143L, 1:2), list(145L, FALSE), list(
        146L, FALSE), list(144L, FALSE), list(147L, integer(0)),
    list(145L, FALSE), list(146L, FALSE), list(144L, FALSE),
    list(147L, 1L), list(149L, FALSE), list(150L, FALSE), list(
        148L, FALSE), list(151L, 1:2), list(153L, FALSE), list(
        152L, FALSE), list(155L, FALSE), list(156L, FALSE), list(
        157L, FALSE), list(153L, FALSE), list(152L, FALSE), list(
        155L, TRUE), list(156L, FALSE), list(157L, TRUE), list(
        158L, FALSE), list(164L, TRUE), list("helper:on_updated_subset_relations",
        NULL), list(57L, FALSE), list(58L, FALSE), list(63L,
        FALSE), list(64L, TRUE), list("helper:apply_domain_restriction",
        NULL), list(18L, FALSE), list("helper:char_intersect",
        NULL), list(19L, FALSE), list(20L, FALSE), list(21L,
        FALSE), list("write", list("A:1", list(X = "b", Y = c("a",
    "b")))), list(22L, FALSE), list(23L, FALSE), list(24L, TRUE),
    list(25L, 2L), list(27L, c(X = FALSE)), list(26L, FALSE),
    list(29L, 2L), list(31L, FALSE), list(32L, FALSE), list(30L,
        FALSE), list(33L, FALSE), list(34L, c(X = FALSE)), list(
        35L, FALSE), list("helper:on_updated_subset_relations",
        NULL), list(57L, FALSE), list(58L, FALSE), list(63L,
        FALSE), list(64L, TRUE), list("helper:apply_domain_restriction",
        NULL), list(18L, FALSE), list("helper:char_intersect",
        NULL), list(19L, FALSE), list(20L, TRUE), list(65L, FALSE),
    list(66L, FALSE), list(67L, TRUE), list(36L, FALSE), list(
        38L, FALSE), list(39L, FALSE), list(37L, FALSE), list(
        40L, FALSE), list(65L, FALSE), list(66L, FALSE), list(
        67L, TRUE), list(165L, FALSE), list(167L, FALSE), list(
        168L, FALSE), list(166L, FALSE), list(169L, FALSE), list(
        170L, integer(0)), list(179L, 0L), list(180L, 1:2), list(
        181L, FALSE), list("helper:char_setdiff", NULL), list(
        182L, FALSE), list(183L, 1:2), list(185L, c(X = FALSE)),
    list(184L, FALSE), list(185L, c(X = TRUE)), list(186L, FALSE),
    list(184L, FALSE), list(188L, FALSE), list(181L, TRUE), list(
        181L, FALSE), list("helper:char_setdiff", NULL), list(
        182L, FALSE), list(183L, 1:2), list(185L, c(Y = TRUE)),
    list(186L, FALSE), list(184L, FALSE), list(185L, c(Y = FALSE)),
    list(184L, FALSE), list(188L, FALSE), list(181L, TRUE), list(
        189L, NULL), list("helper:return_entries", NULL), list(
        1L, FALSE))
list(list(2L, FALSE), list(131L, integer(0)), list(133L, FALSE),
    list(134L, 1:2), list("helper:char_intersect", NULL), list(
        135L, character(0)), list(139L, FALSE), list(140L, FALSE),
    list(138L, FALSE), list(141L, c("X", "Y")), list(142L, TRUE),
    list(142L, TRUE), list("helper:char_intersect", NULL), list(
        135L, character(0)), list(139L, FALSE), list(140L, FALSE),
    list(138L, FALSE), list(141L, c("X", "Y")), list(142L, FALSE),
    list(142L, FALSE), list(143L, 1:2), list(145L, FALSE), list(
        146L, FALSE), list(144L, FALSE), list(147L, integer(0)),
    list(145L, FALSE), list(146L, FALSE), list(144L, FALSE),
    list(147L, 1L), list(149L, FALSE), list(150L, FALSE), list(
        148L, FALSE), list(151L, 1:2), list(153L, FALSE), list(
        152L, FALSE), list(155L, FALSE), list(156L, FALSE), list(
        157L, FALSE), list(153L, FALSE), list(152L, FALSE), list(
        155L, TRUE), list(156L, FALSE), list(157L, TRUE), list(
        158L, FALSE), list(164L, TRUE), list("helper:on_updated_subset_relations",
        NULL), list(57L, FALSE), list(58L, FALSE), list(63L,
        FALSE), list(64L, TRUE), list("helper:apply_domain_restriction",
        NULL), list(18L, FALSE), list("helper:char_intersect",
        NULL), list(19L, FALSE), list(20L, FALSE), list(21L,
        FALSE), list("write", list("A:1", list(X = "b", Y = c("a",
    "b")))), list(22L, FALSE), list(23L, FALSE), list(24L, TRUE),
    list(25L, 2L), list(27L, c(X = FALSE)), list(26L, FALSE),
    list(29L, 2L), list(31L, FALSE), list(32L, FALSE), list(30L,
        FALSE), list(33L, FALSE), list(34L, c(X = FALSE)), list(
        35L, FALSE), list("helper:on_updated_subset_relations",
        NULL), list(57L, FALSE), list(58L, FALSE), list(63L,
        FALSE), list(64L, TRUE), list("helper:apply_domain_restriction",
        NULL), list(18L, FALSE), list("helper:char_intersect",
        NULL), list(19L, FALSE), list(20L, TRUE), list(65L, FALSE),
    list(66L, FALSE), list(67L, TRUE), list(36L, FALSE), list(
        38L, FALSE), list(39L, FALSE), list(37L, FALSE), list(
        40L, FALSE), list(65L, FALSE), list(66L, FALSE), list(
        67L, TRUE), list(165L, FALSE), list(167L, FALSE), list(
        168L, FALSE), list(166L, FALSE), list(169L, FALSE), list(
        170L, integer(0)), list(179L, 0L), list(180L, 1:2), list(
        181L, FALSE), list("helper:char_setdiff", NULL), list(
        182L, FALSE), list(183L, 1:2), list(185L, c(X = FALSE)),
    list(184L, FALSE), list(185L, c(X = TRUE)), list(186L, FALSE),
    list(184L, FALSE), list(188L, FALSE), list(181L, TRUE), list(
        181L, FALSE), list("helper:char_setdiff", NULL), list(
        182L, FALSE), list(183L, 1:2), list(185L, c(Y = TRUE)),
    list(186L, FALSE), list(184L, FALSE), list(185L, c(Y = FALSE)),
    list(184L, FALSE), list(188L, FALSE), list(181L, TRUE), list(
        189L, NULL), list("helper:return_entries", NULL), list(
        1L, FALSE))
NULL
