[
  {
    "m": 1,
    "enumerated_pattern_domains": 1,
    "signatures": 1,
    "signatures_by_support_size": {
      "1": 1
    },
    "full_support_signatures": 1,
    "coarse_bound": 5,
    "sharp_bound": 3
  },
  {
    "m": 2,
    "enumerated_pattern_domains": 7,
    "signatures": 6,
    "signatures_by_support_size": {
      "1": 2,
      "2": 4
    },
    "full_support_signatures": 4,
    "coarse_bound": 130,
    "sharp_bound": 38
  },
  {
    "m": 3,
    "enumerated_pattern_domains": 127,
    "signatures": 44,
    "signatures_by_support_size": {
      "1": 3,
      "2": 12,
      "3": 29
    },
    "full_support_signatures": 29,
    "coarse_bound": 12291,
    "sharp_bound": 801
  },
  {
    "m": 4,
    "enumerated_pattern_domains": 32767,
    "signatures": 499,
    "signatures_by_support_size": {
      "1": 4,
      "2": 24,
      "3": 116,
      "4": 355
    },
    "full_support_signatures": 355,
    "coarse_bound": 4194308,
    "sharp_bound": 25708
  }
]
