checked 100 of 1514 elapsed 3.128
checked 200 of 1514 elapsed 5.341
checked 300 of 1514 elapsed 7.511
checked 400 of 1514 elapsed 10.207
checked 500 of 1514 elapsed 12.649
checked 600 of 1514 elapsed 15.553
checked 700 of 1514 elapsed 19.137
checked 800 of 1514 elapsed 22.857
checked 900 of 1514 elapsed 26.322
checked 1000 of 1514 elapsed 27.764
checked 1100 of 1514 elapsed 28.996
checked 1200 of 1514 elapsed 30.148
checked 1300 of 1514 elapsed 31.236
checked 1400 of 1514 elapsed 32.276
checked 1500 of 1514 elapsed 35.623
$R
[1] "R version 3.6.3 (2020-02-29)"

$cases
[1] 1514

$totals
$totals$enter_on_updated_subset_relations
[1] 6719

$totals$semantic_boundary_checks
[1] 58388

$totals$cache_pair_checks
[1] 292998

$totals$enter_apply_domain_restriction
[1] 7106

$totals$enter_eliminate_symbol_from_clause
[1] 4004

$totals$enter_register_unit
[1] 1754

$totals$enter_eliminate_clause_update_sr
[1] 1640

$totals$delete_first_with_copy_left
[1] 1718

$totals$correct_formulas
[1] 1514

$totals$assignment_rows
[1] 24224

$totals$enter_handle_sse_2nd_order_twoend
[1] 3013

$totals$enter_try_sse_2nd_order
[1] 4899

$totals$orphan_occurrence
[1] 8914

$totals$nonunit_hla_donor
[1] 1347

$totals$delete_orphan_clause
[1] 239

$totals$enter_handle_sse_2nd_order_oneend
[1] 59

$totals$same_name_twoend_try
[1] 2426

$totals$nonunit_hla_deletion
[1] 94

$totals$unit_cache_skip
[1] 2

$totals$same_name_extra_exception
[1] 366


$seconds
[1] 35.851
