{"version": "host", "n": 16, "order": "forward", "exit_code": 0, "status": "pass"}
{"version": "host", "n": 16, "order": "reverse", "exit_code": 0, "status": "pass"}
{"version": "host", "n": 32, "order": "forward", "exit_code": 0, "status": "pass"}
{"version": "host", "n": 32, "order": "reverse", "exit_code": 0, "status": "pass"}
{"version": "host", "n": 64, "order": "forward", "exit_code": 0, "status": "pass"}
{"version": "host", "n": 64, "order": "reverse", "exit_code": 0, "status": "pass"}
{"version": "host", "n": 128, "order": "forward", "exit_code": 0, "status": "pass"}
{"version": "host", "n": 128, "order": "reverse", "exit_code": 0, "status": "pass"}
{"version": "host", "n": 256, "order": "forward", "exit_code": 0, "status": "pass"}
{"version": "host", "n": 256, "order": "reverse", "exit_code": 0, "status": "error"}
{"version": "host", "n": 512, "order": "forward", "exit_code": 0, "status": "pass"}
{"version": "host", "n": 512, "order": "reverse", "exit_code": 0, "status": "error"}
{"version": "r46", "n": 16, "order": "forward", "exit_code": 0, "status": "pass"}
{"version": "r46", "n": 16, "order": "reverse", "exit_code": 0, "status": "pass"}
{"version": "r46", "n": 32, "order": "forward", "exit_code": 0, "status": "pass"}
{"version": "r46", "n": 32, "order": "reverse", "exit_code": 0, "status": "pass"}
{"version": "r46", "n": 64, "order": "forward", "exit_code": 0, "status": "pass"}
{"version": "r46", "n": 64, "order": "reverse", "exit_code": 0, "status": "pass"}
{"version": "r46", "n": 128, "order": "forward", "exit_code": 0, "status": "pass"}
{"version": "r46", "n": 128, "order": "reverse", "exit_code": 0, "status": "pass"}
{"version": "r46", "n": 256, "order": "forward", "exit_code": 0, "status": "pass"}
{"version": "r46", "n": 256, "order": "reverse", "exit_code": 0, "status": "pass"}
{"version": "r46", "n": 512, "order": "forward", "exit_code": 0, "status": "pass"}
{"version": "r46", "n": 512, "order": "reverse", "exit_code": 0, "status": "pass"}
