{"elapsed": 9.721307039260864, "stats": {"formulas": 1000}}
{"elapsed": 17.703941583633423, "stats": {"formulas": 2000}}
{"elapsed": 25.519926071166992, "stats": {"formulas": 3000}}
{"elapsed": 33.55205726623535, "stats": {"formulas": 4000}}
{"elapsed": 41.644620180130005, "stats": {"formulas": 5000}}
{"trial": 5127, "domains": {"X0": ["0", "1", "2", "3", "4"], "X1": ["0", "1", "2", "3", "4"]}, "clauses": [{"X1": ["2", "4", "1"], "X0": ["2"]}, {"X1": ["1", "0", "4"], "X0": ["1", "0"]}, {"X1": ["3", "4", "1", "2"], "X0": ["2", "3", "0", "1"]}, {"X1": ["2", "4"], "X0": ["2", "0", "1", "4"]}, {"X0": ["3", "4"], "X1": ["4", "0", "3"]}, {"X0": ["3", "1"], "X1": ["1"]}, {"X0": ["4"], "X1": ["2", "1", "4", "0"]}, {"X1": ["0", "2"], "X0": ["4", "3", "1", "0"]}, {"X0": ["2", "1", "3", "0"], "X1": ["0"]}, {"X1": ["4", "2"], "X0": ["0", "1"]}, {"X1": ["3", "2"], "X0": ["3", "1", "0", "2"]}], "result": [{"X1": "4"}, {"X1": "4", "X0": "1"}, {"X0": ["3", "1"]}], "opportunities": [{"kind": "subsumption", "donor": 0, "target": 1}]}
{"elapsed": 49.65916061401367, "stats": {"formulas": 6000, "residual_formulas": 1, "residual_subsumption": 1}}
{"elapsed": 57.54263734817505, "stats": {"formulas": 7000, "residual_formulas": 1, "residual_subsumption": 1}}
{"elapsed": 65.58535742759705, "stats": {"formulas": 8000, "residual_formulas": 1, "residual_subsumption": 1}}
{"elapsed": 73.73679518699646, "stats": {"formulas": 9000, "residual_formulas": 1, "residual_subsumption": 1}}
{"elapsed": 81.74131798744202, "stats": {"formulas": 10000, "residual_formulas": 1, "residual_subsumption": 1}}
{"trial": 10438, "domains": {"X0": ["0", "1", "2", "3", "4", "5"], "X1": ["0", "1", "2", "3", "4", "5"]}, "clauses": [{"X0": ["0", "5"], "X1": ["2", "4", "3"]}, {"X0": ["4"], "X1": ["5", "2"]}, {"X1": ["0", "2", "4", "1"], "X0": ["2", "3", "1", "5"]}, {"X1": ["3", "1", "2"], "X0": ["3", "1", "0", "2"]}, {"X1": ["1", "2", "3"], "X0": ["4", "1", "0", "3", "5"]}, {"X0": ["0", "2"], "X1": ["0"]}], "result": [{"X1": "2"}, {"X1": "2", "X0": "0"}, {"X0": ["0", "2"]}], "opportunities": [{"kind": "subsumption", "donor": 0, "target": 1}]}
{"elapsed": 89.86120271682739, "stats": {"formulas": 11000, "residual_formulas": 2, "residual_subsumption": 2}}
{"elapsed": 97.90867686271667, "stats": {"formulas": 12000, "residual_formulas": 2, "residual_subsumption": 2}}
{"elapsed": 106.14985060691833, "stats": {"formulas": 13000, "residual_formulas": 2, "residual_subsumption": 2}}
{"elapsed": 114.16640758514404, "stats": {"formulas": 14000, "residual_formulas": 2, "residual_subsumption": 2}}
{"elapsed": 122.34100389480591, "stats": {"formulas": 15000, "residual_formulas": 2, "residual_subsumption": 2}}
{"elapsed": 130.44045042991638, "stats": {"formulas": 16000, "residual_formulas": 2, "residual_subsumption": 2}}
{"elapsed": 138.7601342201233, "stats": {"formulas": 17000, "residual_formulas": 2, "residual_subsumption": 2}}
{"elapsed": 146.6727318763733, "stats": {"formulas": 18000, "residual_formulas": 2, "residual_subsumption": 2}}
{"elapsed": 154.5589418411255, "stats": {"formulas": 19000, "residual_formulas": 2, "residual_subsumption": 2}}
{"trial": 19005, "domains": {"X0": ["0", "1", "2", "3", "4"], "X1": ["0", "1", "2", "3", "4"], "X2": ["0", "1", "2", "3", "4"]}, "clauses": [{"X2": ["4", "1", "0"], "X0": ["0"], "X1": ["2", "0", "1"]}, {"X1": ["3", "0"], "X0": ["3"]}, {"X1": ["3", "0", "2"], "X0": ["0", "1"], "X2": ["2", "0", "1", "3"]}, {"X1": ["1", "2"], "X2": ["3", "2"], "X0": ["3", "2", "4", "1"]}, {"X2": ["2"], "X0": ["3", "0"], "X1": ["0"]}, {"X1": ["1", "0"], "X2": ["2"], "X0": ["4"]}, {"X0": ["4", "1"], "X1": ["4", "0"]}, {"X0": ["4", "0", "3"], "X1": ["2"], "X2": ["1", "2", "3", "0"]}, {"X0": ["0", "1", "3", "4"], "X2": ["1", "2"]}, {"X1": ["1"], "X2": ["3", "0", "1", "4"]}, {"X2": ["0", "2", "1"], "X0": ["1", "4", "0"], "X1": ["2", "0", "1", "3"]}], "result": [{"X1": "0"}, {"X0": ["0", "1", "3", "4"], "X2": "1"}, {"X2": ["3", "0", "1", "4"]}, {"X2": "3", "X0": ["3", "2", "4", "1"]}, {"X0": ["3", "0"], "X1": "0"}, {"X0": ["4", "3"], "X2": ["1", "3", "0"]}], "opportunities": [{"kind": "subsumption", "donor": 0, "target": 4}]}
{"elapsed": 162.64825963974, "stats": {"formulas": 20000, "residual_formulas": 3, "residual_subsumption": 3}}
{"trial": 20369, "domains": {"X0": ["0", "1", "2", "3", "4", "5"], "X1": ["0", "1", "2", "3", "4", "5"]}, "clauses": [{"X1": ["1", "5", "4", "3", "0"], "X0": ["2", "3", "5", "1"]}, {"X0": ["1", "2"], "X1": ["1", "0", "3", "5", "2"]}, {"X1": ["0", "3", "5"], "X0": ["0", "5", "3", "2"]}, {"X0": ["5", "1", "3"], "X1": ["0", "1", "4"]}, {"X0": ["5"], "X1": ["1", "0", "2", "5"]}, {"X0": ["0", "1", "2"], "X1": ["3", "4", "0", "2", "5"]}, {"X1": ["0"], "X0": ["2", "3", "4", "5"]}, {"X1": ["5", "1"], "X0": ["0", "1"]}], "result": [{"X1": ["1", "0", "5", "2"]}, {"X1": "0", "X0": ["5", "3", "2"]}, {"X0": ["5", "3"], "X1": ["0", "1"]}, {"X0": ["0", "2"], "X1": ["0", "2", "5"]}, {"X1": ["5", "1"], "X0": ["0", "1"]}], "opportunities": [{"kind": "sse1", "donor": 1, "target": 3, "symbol": "X0", "removed": ["0"]}]}
{"stats": {"formulas": 20370, "residual_formulas": 4, "residual_subsumption": 3, "residual_sse1": 1}, "elapsed": 165.67600107192993}
