{"calls": 46, "clauses": 5, "values": 14, "domains": [2, 3, 2, 2]}
{"calls": 86, "clauses": 5, "values": 14, "domains": [2, 3, 2, 2]}
{
  "domains": {
    "S": [
      "0",
      "1"
    ],
    "T": [
      "1",
      "2",
      "3"
    ],
    "U": [
      "0",
      "1"
    ],
    "R": [
      "0",
      "1"
    ]
  },
  "clauses": [
    {
      "T": [
        "1",
        "2"
      ],
      "R": [
        "0"
      ]
    },
    {
      "S": [
        "0"
      ],
      "T": [
        "1"
      ],
      "R": [
        "0"
      ]
    },
    {
      "S": [
        "1"
      ],
      "T": [
        "2",
        "3"
      ]
    },
    {
      "U": [
        "1"
      ],
      "T": [
        "2"
      ]
    },
    {
      "S": [
        "0"
      ],
      "U": [
        "0"
      ],
      "R": [
        "0"
      ]
    }
  ],
  "opportunities": [
    {
      "kind": "sse2",
      "donor_a": 1,
      "donor_b": 3,
      "target": 0,
      "intersect_symbol": "S",
      "restrict_symbol": "T",
      "removed": [
        "1"
      ]
    }
  ],
  "calls": 86,
  "elapsed": 2.2632362842559814
}
