{"calls": 158, "clauses": 11, "symbols": 23, "values": 46, "domains": [4, 4, 5]}
{"calls": 221, "clauses": 6, "symbols": 13, "values": 23, "domains": [4, 3, 4]}
{"calls": 274, "clauses": 6, "symbols": 13, "values": 23, "domains": [4, 3, 4]}
{
  "kind": "sse2",
  "domains": {
    "X0": [
      "0",
      "1",
      "4",
      "5"
    ],
    "X1": [
      "0",
      "5",
      "6"
    ],
    "X2": [
      "0",
      "1",
      "2",
      "4"
    ]
  },
  "clauses": [
    {
      "X0": [
        "5",
        "4",
        "0"
      ],
      "X2": [
        "2",
        "4"
      ]
    },
    {
      "X2": [
        "2",
        "1"
      ],
      "X1": [
        "6"
      ]
    },
    {
      "X2": [
        "2"
      ],
      "X0": [
        "4",
        "0",
        "1"
      ],
      "X1": [
        "0",
        "6"
      ]
    },
    {
      "X0": [
        "1"
      ],
      "X2": [
        "0",
        "1"
      ]
    },
    {
      "X1": [
        "0",
        "6"
      ],
      "X2": [
        "1"
      ]
    },
    {
      "X2": [
        "0"
      ],
      "X0": [
        "1",
        "4"
      ]
    }
  ],
  "result": [
    {
      "X0": [
        "5",
        "4",
        "0"
      ],
      "X2": [
        "2",
        "4"
      ]
    },
    {
      "X2": [
        "2",
        "1"
      ],
      "X1": "6"
    },
    {
      "X0": "1",
      "X2": [
        "0",
        "1"
      ]
    },
    {
      "X2": "0",
      "X0": [
        "1",
        "4"
      ]
    },
    {
      "X0": [
        "4",
        "0"
      ],
      "X1": [
        "0",
        "6"
      ]
    }
  ],
  "opportunities": [
    {
      "kind": "sse2",
      "donor_a": 1,
      "donor_b": 3,
      "target": 4,
      "intersect_symbol": "X2",
      "restrict_symbol": "X0",
      "removed": [
        "0"
      ]
    }
  ],
  "second_pass": [
    {
      "X0": [
        "5",
        "4",
        "0"
      ],
      "X2": [
        "2",
        "4"
      ]
    },
    {
      "X2": [
        "2",
        "1"
      ],
      "X1": "6"
    },
    {
      "X0": "1",
      "X2": [
        "0",
        "1"
      ]
    },
    {
      "X2": "0",
      "X0": [
        "1",
        "4"
      ]
    },
    {
      "X0": "4",
      "X1": [
        "0",
        "6"
      ]
    }
  ],
  "idempotent": false,
  "calls": 274,
  "elapsed": 5.288687467575073
}
