{"calls": 87, "clauses": 7, "symbols": 13, "values": 21, "domains": [4, 2, 3]}
{"calls": 123, "clauses": 4, "symbols": 9, "values": 11, "domains": [3, 2, 3]}
{"calls": 155, "clauses": 4, "symbols": 9, "values": 11, "domains": [3, 2, 3]}
{
  "kind": "sse1",
  "domains": {
    "X0": [
      "2",
      "3",
      "5"
    ],
    "X1": [
      "1",
      "3"
    ],
    "X2": [
      "1",
      "2",
      "4"
    ]
  },
  "clauses": [
    {
      "X0": [
        "5",
        "3"
      ],
      "X2": [
        "4"
      ]
    },
    {
      "X1": [
        "3"
      ],
      "X0": [
        "2"
      ]
    },
    {
      "X0": [
        "3"
      ],
      "X2": [
        "4"
      ],
      "X1": [
        "1"
      ]
    },
    {
      "X0": [
        "5"
      ],
      "X2": [
        "4",
        "2"
      ]
    }
  ],
  "result": [
    {
      "X0": "3",
      "X2": "4"
    },
    {
      "X1": "3",
      "X0": "2"
    },
    {
      "X0": "5",
      "X2": [
        "4",
        "2"
      ]
    }
  ],
  "opportunities": [
    {
      "kind": "sse1",
      "donor": 0,
      "target": 2,
      "symbol": "X0",
      "removed": [
        "5"
      ]
    }
  ],
  "second_pass": [
    {
      "X0": "3",
      "X2": "4"
    },
    {
      "X1": "3",
      "X0": "2"
    },
    {
      "X2": [
        "4",
        "2"
      ]
    }
  ],
  "idempotent": false,
  "calls": 155,
  "elapsed": 2.659616708755493
}
