{"calls": 89, "clauses": 8, "values": 28, "domains": [5, 5]}
{"calls": 132, "clauses": 5, "values": 15, "domains": [4, 4]}
{"calls": 170, "clauses": 5, "values": 15, "domains": [4, 4]}
{
  "domains": {
    "X0": [
      "1",
      "2",
      "5",
      "6"
    ],
    "X1": [
      "0",
      "3",
      "5",
      "6"
    ]
  },
  "clauses": [
    {
      "X0": [
        "2",
        "6"
      ],
      "X1": [
        "6"
      ]
    },
    {
      "X0": [
        "2"
      ],
      "X1": [
        "6",
        "3"
      ]
    },
    {
      "X0": [
        "5"
      ],
      "X1": [
        "3",
        "0"
      ]
    },
    {
      "X1": [
        "3"
      ],
      "X0": [
        "5",
        "2"
      ]
    },
    {
      "X0": [
        "1"
      ],
      "X1": [
        "6",
        "5"
      ]
    }
  ],
  "counts": {
    "sse1": 7,
    "unit_skip": 2,
    "unit_skip_proper": 1,
    "subsumption": 1,
    "unit_skip_outside": 1
  },
  "calls": 170,
  "elapsed": 3.774704933166504
}
