{"trials": 20, "elapsed": 11.425815343856812, "stats": {"family_nonunit_hla_chain": 5, "sat_equivalences": 20, "known_consequences": 14, "mdd_equivalences": 20, "event_sse1": 318, "event_hla": 5107, "value_refinement_naturality": 7, "max_variables": 89, "max_clauses": 91, "max_log10_assignments": 69.25546128414429, "family_unit_hla_chain": 5, "event_unit_hla": 124, "family_second_order_bundle": 5, "event_sse2": 188, "family_permutation_cycle": 5}}
{"trials": 40, "elapsed": 16.250084400177002, "stats": {"family_nonunit_hla_chain": 10, "sat_equivalences": 40, "known_consequences": 26, "mdd_equivalences": 40, "event_sse1": 529, "event_hla": 6601, "value_refinement_naturality": 13, "max_variables": 92, "max_clauses": 94, "max_log10_assignments": 77.74901968131151, "family_unit_hla_chain": 10, "event_unit_hla": 173, "family_second_order_bundle": 10, "event_sse2": 544, "family_permutation_cycle": 10}}
{"trials": 60, "elapsed": 23.34930658340454, "stats": {"family_nonunit_hla_chain": 15, "sat_equivalences": 60, "known_consequences": 39, "mdd_equivalences": 60, "event_sse1": 1012, "event_hla": 11410, "value_refinement_naturality": 19, "max_variables": 92, "max_clauses": 94, "max_log10_assignments": 77.74901968131151, "family_unit_hla_chain": 15, "event_unit_hla": 249, "family_second_order_bundle": 15, "event_sse2": 1702, "family_permutation_cycle": 15}}
{"trials": 80, "elapsed": 33.41990327835083, "stats": {"family_nonunit_hla_chain": 20, "sat_equivalences": 80, "known_consequences": 51, "mdd_equivalences": 80, "event_sse1": 1487, "event_hla": 18471, "value_refinement_naturality": 25, "max_variables": 92, "max_clauses": 106, "max_log10_assignments": 77.74901968131151, "family_unit_hla_chain": 20, "event_unit_hla": 522, "family_second_order_bundle": 20, "event_sse2": 2504, "family_permutation_cycle": 20}}
{"failure": {"trial": 95, "family": "permutation_cycle", "domains": {"Q0": ["0", "1", "2", "3"], "Q1": ["0", "1", "2", "3"], "Q2": ["0", "1", "2", "3"]}, "clauses": [{"Q0": ["0", "1", "2"], "Q1": ["1"]}, {"Q0": ["0", "1", "3"], "Q1": ["2"]}, {"Q0": ["1", "2", "3"], "Q1": ["3"]}, {"Q1": ["0", "1", "2"], "Q2": ["0"]}, {"Q2": ["0", "1", "2"], "Q0": ["1"]}, {"Q1": ["1", "2", "3"], "Q2": ["1"]}, {"Q2": ["1", "2", "3"], "Q0": ["2"]}, {"Q1": ["0", "1", "3"], "Q2": ["2"]}, {"Q2": ["0", "2", "3"], "Q0": ["3"]}, {"Q1": ["0", "2", "3"], "Q2": ["3"]}, {"Q0": ["0", "2", "3"], "Q1": ["0"]}, {"Q2": ["0", "1", "3"], "Q0": ["0"]}], "error": "{'kind': 'sse2', 'donor_a': {'Q2': ['1', '3'], 'Q0': '0'}, 'donor_b': {'Q1': '1', 'Q2': '2'}, 'target': {'Q0': '1', 'Q1': '2'}, 'intersect_symbol': 'Q2', 'restrict_symbol': 'Q1'}", "answer": {"ok": true, "result": false, "events": [{"kind": "sse1", "donor": {"Q0": ["0", "1", "2"], "Q1": "1"}, "target": {"Q1": ["0", "1", "2"], "Q2": "0"}, "symbol": "Q0"}, {"kind": "sse1", "donor": {"Q0": ["0", "1", "3"], "Q1": "2"}, "target": {"Q1": ["0", "1", "2"], "Q2": "0"}, "symbol": "Q0"}, {"kind": "sse1", "donor": {"Q2": ["0", "1", "2"], "Q0": "1"}, "target": {"Q0": ["0", "1", "2"], "Q1": "1"}, "symbol": "Q2"}, {"kind": "sse1", "donor": {"Q2": ["0", "1", "2"], "Q0": "1"}, "target": {"Q0": ["0", "1", "3"], "Q1": "2"}, "symbol": "Q2"}, {"kind": "sse1", "donor": {"Q2": ["0", "1", "2"], "Q0": "1"}, "target": {"Q0": ["1", "2", "3"], "Q1": "3"}, "symbol": "Q2"}, {"kind": "sse1", "donor": {"Q1": ["0", "1", "2"], "Q2": "0"}, "target": {"Q2": ["0", "1", "2"], "Q0": "1"}, "symbol": "Q1"}, {"kind": "sse1", "donor": {"Q0": ["0", "1", "2"], "Q1": "1"}, "target": {"Q1": ["1", "2", "3"], "Q2": "1"}, "symbol": "Q0"}, {"kind": "sse1", "donor": {"Q0": ["0", "1", "3"], "Q1": "2"}, "target": {"Q1": ["1", "2", "3"], "Q2": "1"}, "symbol": "Q0"}, {"kind": "sse1", "donor": {"Q0": ["1", "2", "3"], "Q1": "3"}, "target": {"Q1": ["1", "2", "3"], "Q2": "1"}, "symbol": "Q0"}, {"kind": "sse1", "donor": {"Q1": ["1", "2", "3"], "Q2": "1"}, "target": {"Q2": ["0", "1", "2"], "Q0": "1"}, "symbol": "Q1"}, {"kind": "sse1", "donor": {"Q2": ["1", "2", "3"], "Q0": "2"}, "target": {"Q0": ["0", "1", "2"], "Q1": "1"}, "symbol": "Q2"}, {"kind": "sse1", "donor": {"Q2": ["1", "2", "3"], "Q0": "2"}, "target": {"Q0": ["1", "2", "3"], "Q1": "3"}, "symbol": "Q2"}, {"kind": "sse1", "donor": {"Q1": ["1", "2", "3"], "Q2": "1"}, "target": {"Q2": ["1", "2", "3"], "Q0": "2"}, "symbol": "Q1"}, {"kind": "sse1", "donor": {"Q0": ["0", "1", "2"], "Q1": "1"}, "target": {"Q1": ["0", "1", "3"], "Q2": "2"}, "symbol": "Q0"}, {"kind": "sse1", "donor": {"Q0": ["1", "2", "3"], "Q1": "3"}, "target": {"Q1": ["0", "1", "3"], "Q2": "2"}, "symbol": "Q0"}, {"kind": "sse1", "donor": {"Q1": ["0", "1", "3"], "Q2": "2"}, "target": {"Q2": ["0", "1", "2"], "Q0": "1"}, "symbol": "Q1"}, {"kind": "sse1", "donor": {"Q1": ["0", "1", "3"], "Q2": "2"}, "target": {"Q2": ["1", "2", "3"], "Q0": "2"}, "symbol": "Q1"}, {"kind": "sse1", "donor": {"Q2": ["0", "2", "3"], "Q0": "3"}, "target": {"Q0": ["0", "1", "3"], "Q1": "2"}, "symbol": "Q2"}, {"kind": "sse1", "donor": {"Q2": ["0", "2", "3"], "Q0": "3"}, "target": {"Q0": ["1", "2", "3"], "Q1": "3"}, "symbol": "Q2"}, {"kind": "sse1", "donor": {"Q1": ["0", "1", "2"], "Q2": "0"}, "target": {"Q2": ["0", "2", "3"], "Q0": "3"}, "symbol": "Q1"}, {"kind": "sse1", "donor": {"Q1": ["0", "1", "3"], "Q2": "2"}, "target": {"Q2": ["0", "2", "3"], "Q0": "3"}, "symbol": "Q1"}, {"kind": "sse1", "donor": {"Q0": ["0", "1", "3"], "Q1": "2"}, "target": {"Q1": ["0", "2", "3"], "Q2": "3"}, "symbol": "Q0"}, {"kind": "sse1", "donor": {"Q0": ["1", "2", "3"], "Q1": "3"}, "target": {"Q1": ["0", "2", "3"], "Q2": "3"}, "symbol": "Q0"}, {"kind": "sse1", "donor": {"Q1": ["0", "2", "3"], "Q2": "3"}, "target": {"Q2": ["1", "2", "3"], "Q0": "2"}, "symbol": "Q1"}, {"kind": "sse1", "donor": {"Q1": ["0", "2", "3"], "Q2": "3"}, "target": {"Q2": ["0", "2", "3"], "Q0": "3"}, "symbol": "Q1"}, {"kind": "sse1", "donor": {"Q0": ["0", "2", "3"], "Q1": "0"}, "target": {"Q1": ["0", "1", "2"], "Q2": "0"}, "symbol": "Q0"}, {"kind": "sse1", "donor": {"Q2": ["1", "2", "3"], "Q0": "2"}, "target": {"Q0": ["0", "2", "3"], "Q1": "0"}, "symbol": "Q2"}, {"kind": "sse1", "donor": {"Q0": ["0", "2", "3"], "Q1": "0"}, "target": {"Q1": ["0", "1", "3"], "Q2": "2"}, "symbol": "Q0"}, {"kind": "sse1", "donor": {"Q2": ["0", "2", "3"], "Q0": "3"}, "target": {"Q0": ["0", "2", "3"], "Q1": "0"}, "symbol": "Q2"}, {"kind": "sse1", "donor": {"Q0": ["0", "2", "3"], "Q1": "0"}, "target": {"Q1": ["0", "2", "3"], "Q2": "3"}, "symbol": "Q0"}, {"kind": "sse1", "donor": {"Q2": ["0", "1", "3"], "Q0": "0"}, "target": {"Q0": ["0", "1", "2"], "Q1": "1"}, "symbol": "Q2"}, {"kind": "sse1", "donor": {"Q2": ["0", "1", "3"], "Q0": "0"}, "target": {"Q0": ["0", "1", "3"], "Q1": "2"}, "symbol": "Q2"}, {"kind": "sse1", "donor": {"Q1": ["0", "1", "2"], "Q2": "0"}, "target": {"Q2": ["0", "1", "3"], "Q0": "0"}, "symbol": "Q1"}, {"kind": "sse1", "donor": {"Q1": ["1", "2", "3"], "Q2": "1"}, "target": {"Q2": ["0", "1", "3"], "Q0": "0"}, "symbol": "Q1"}, {"kind": "sse1", "donor": {"Q1": ["0", "2", "3"], "Q2": "3"}, "target": {"Q2": ["0", "1", "3"], "Q0": "0"}, "symbol": "Q1"}, {"kind": "sse1", "donor": {"Q2": ["0", "1", "3"], "Q0": "0"}, "target": {"Q0": ["0", "2", "3"], "Q1": "0"}, "symbol": "Q2"}, {"kind": "sse2", "donor_a": {"Q0": ["1", "2", "3"], "Q1": "3"}, "donor_b": {"Q0": ["0", "1", "3"], "Q1": "2"}, "target": {"Q0": ["0", "1", "2"], "Q1": "1"}, "intersect_symbol": "Q1", "restrict_symbol": "Q0"}, {"kind": "sse2", "donor_a": {"Q0": ["0", "2", "3"], "Q1": "0"}, "donor_b": {"Q0": ["0", "1", "3"], "Q1": "2"}, "target": {"Q0": ["0", "1", "2"], "Q1": "1"}, "intersect_symbol": "Q1", "restrict_symbol": "Q0"}, {"kind": "sse2", "donor_a": {"Q0": ["0", "1", "3"], "Q1": "2"}, "donor_b": {"Q0": ["1", "2", "3"], "Q1": "3"}, "target": {"Q0": ["0", "1", "2"], "Q1": "1"}, "intersect_symbol": "Q1", "restrict_symbol": "Q0"}, {"kind": "sse2", "donor_a": {"Q0": ["0", "2", "3"], "Q1": "0"}, "donor_b": {"Q0": ["1", "2", "3"], "Q1": "3"}, "target": {"Q0": ["0", "1", "2"], "Q1": "1"}, "intersect_symbol": "Q1", "restrict_symbol": "Q0"}, {"kind": "sse2", "donor_a": {"Q2": ["0", "1", "2"], "Q0": "1"}, "donor_b": {"Q1": ["0", "2", "3"], "Q2": "3"}, "target": {"Q0": ["0", "1", "2"], "Q1": "1"}, "intersect_symbol": "Q2", "restrict_symbol": "Q1"}, {"kind": "sse2", "donor_a": {"Q0": ["0", "1"], "Q1": "2"}, "donor_b": {"Q2": ["1", "2", "3"], "Q0": "2"}, "target": {"Q1": ["0", "1", "2"], "Q2": "0"}, "intersect_symbol": "Q0", "restrict_symbol": "Q2"}, {"kind": "sse1", "donor": {"Q0": "1", "Q1": "2"}, "target": {"Q2": ["0", "1", "2"], "Q0": "1"}, "symbol": "Q1"}, {"kind": "sse2", "donor_a": {"Q0": "1", "Q1": "2"}, "donor_b": {"Q2": ["0", "2", "3"], "Q0": "3"}, "target": {"Q1": ["1", "2", "3"], "Q2": "1"}, "intersect_symbol": "Q0", "restrict_symbol": "Q2"}, {"kind": "sse2", "donor_a": {"Q1": "1", "Q2": "2"}, "donor_b": {"Q1": ["0", "2", "3"], "Q2": "3"}, "target": {"Q2": ["0", "1", "2"], "Q0": "1"}, "intersect_symbol": "Q1", "restrict_symbol": "Q2"}, {"kind": "sse1", "donor": {"Q2": "2", "Q0": "1"}, "target": {"Q2": ["1", "2", "3"], "Q0": "2"}, "symbol": "Q0"}, {"kind": "sse2", "donor_a": {"Q2": ["1", "3"], "Q0": "0"}, "donor_b": {"Q1": "1", "Q2": "2"}, "target": {"Q0": "1", "Q1": "2"}, "intersect_symbol": "Q2", "restrict_symbol": "Q1"}], "seconds": 0.0109999999999957}}}
{
  "seed": 187882,
  "requested_trials": 1600,
  "elapsed": 45.516892194747925,
  "stats": {
    "family_nonunit_hla_chain": 24,
    "sat_equivalences": 96,
    "known_consequences": 62,
    "mdd_equivalences": 96,
    "event_sse1": 1965,
    "event_hla": 25892,
    "value_refinement_naturality": 30,
    "max_variables": 92,
    "max_clauses": 106,
    "max_log10_assignments": 77.74901968131151,
    "family_unit_hla_chain": 24,
    "event_unit_hla": 603,
    "family_second_order_bundle": 24,
    "event_sse2": 3540,
    "family_permutation_cycle": 24,
    "failures": 1
  },
  "failures": [
    {
      "trial": 95,
      "family": "permutation_cycle",
      "domains": {
        "Q0": [
          "0",
          "1",
          "2",
          "3"
        ],
        "Q1": [
          "0",
          "1",
          "2",
          "3"
        ],
        "Q2": [
          "0",
          "1",
          "2",
          "3"
        ]
      },
      "clauses": [
        {
          "Q0": [
            "0",
            "1",
            "2"
          ],
          "Q1": [
            "1"
          ]
        },
        {
          "Q0": [
            "0",
            "1",
            "3"
          ],
          "Q1": [
            "2"
          ]
        },
        {
          "Q0": [
            "1",
            "2",
            "3"
          ],
          "Q1": [
            "3"
          ]
        },
        {
          "Q1": [
            "0",
            "1",
            "2"
          ],
          "Q2": [
            "0"
          ]
        },
        {
          "Q2": [
            "0",
            "1",
            "2"
          ],
          "Q0": [
            "1"
          ]
        },
        {
          "Q1": [
            "1",
            "2",
            "3"
          ],
          "Q2": [
            "1"
          ]
        },
        {
          "Q2": [
            "1",
            "2",
            "3"
          ],
          "Q0": [
            "2"
          ]
        },
        {
          "Q1": [
            "0",
            "1",
            "3"
          ],
          "Q2": [
            "2"
          ]
        },
        {
          "Q2": [
            "0",
            "2",
            "3"
          ],
          "Q0": [
            "3"
          ]
        },
        {
          "Q1": [
            "0",
            "2",
            "3"
          ],
          "Q2": [
            "3"
          ]
        },
        {
          "Q0": [
            "0",
            "2",
            "3"
          ],
          "Q1": [
            "0"
          ]
        },
        {
          "Q2": [
            "0",
            "1",
            "3"
          ],
          "Q0": [
            "0"
          ]
        }
      ],
      "error": "{'kind': 'sse2', 'donor_a': {'Q2': ['1', '3'], 'Q0': '0'}, 'donor_b': {'Q1': '1', 'Q2': '2'}, 'target': {'Q0': '1', 'Q1': '2'}, 'intersect_symbol': 'Q2', 'restrict_symbol': 'Q1'}",
      "answer": {
        "ok": true,
        "result": false,
        "events": [
          {
            "kind": "sse1",
            "donor": {
              "Q0": [
                "0",
                "1",
                "2"
              ],
              "Q1": "1"
            },
            "target": {
              "Q1": [
                "0",
                "1",
                "2"
              ],
              "Q2": "0"
            },
            "symbol": "Q0"
          },
          {
            "kind": "sse1",
            "donor": {
              "Q0": [
                "0",
                "1",
                "3"
              ],
              "Q1": "2"
            },
            "target": {
              "Q1": [
                "0",
                "1",
                "2"
              ],
              "Q2": "0"
            },
            "symbol": "Q0"
          },
          {
            "kind": "sse1",
            "donor": {
              "Q2": [
                "0",
                "1",
                "2"
              ],
              "Q0": "1"
            },
            "target": {
              "Q0": [
                "0",
                "1",
                "2"
              ],
              "Q1": "1"
            },
            "symbol": "Q2"
          },
          {
            "kind": "sse1",
            "donor": {
              "Q2": [
                "0",
                "1",
                "2"
              ],
              "Q0": "1"
            },
            "target": {
              "Q0": [
                "0",
                "1",
                "3"
              ],
              "Q1": "2"
            },
            "symbol": "Q2"
          },
          {
            "kind": "sse1",
            "donor": {
              "Q2": [
                "0",
                "1",
                "2"
              ],
              "Q0": "1"
            },
            "target": {
              "Q0": [
                "1",
                "2",
                "3"
              ],
              "Q1": "3"
            },
            "symbol": "Q2"
          },
          {
            "kind": "sse1",
            "donor": {
              "Q1": [
                "0",
                "1",
                "2"
              ],
              "Q2": "0"
            },
            "target": {
              "Q2": [
                "0",
                "1",
                "2"
              ],
              "Q0": "1"
            },
            "symbol": "Q1"
          },
          {
            "kind": "sse1",
            "donor": {
              "Q0": [
                "0",
                "1",
                "2"
              ],
              "Q1": "1"
            },
            "target": {
              "Q1": [
                "1",
                "2",
                "3"
              ],
              "Q2": "1"
            },
            "symbol": "Q0"
          },
          {
            "kind": "sse1",
            "donor": {
              "Q0": [
                "0",
                "1",
                "3"
              ],
              "Q1": "2"
            },
            "target": {
              "Q1": [
                "1",
                "2",
                "3"
              ],
              "Q2": "1"
            },
            "symbol": "Q0"
          },
          {
            "kind": "sse1",
            "donor": {
              "Q0": [
                "1",
                "2",
                "3"
              ],
              "Q1": "3"
            },
            "target": {
              "Q1": [
                "1",
                "2",
                "3"
              ],
              "Q2": "1"
            },
            "symbol": "Q0"
          },
          {
            "kind": "sse1",
            "donor": {
              "Q1": [
                "1",
                "2",
                "3"
              ],
              "Q2": "1"
            },
            "target": {
              "Q2": [
                "0",
                "1",
                "2"
              ],
              "Q0": "1"
            },
            "symbol": "Q1"
          },
          {
            "kind": "sse1",
            "donor": {
              "Q2": [
                "1",
                "2",
                "3"
              ],
              "Q0": "2"
            },
            "target": {
              "Q0": [
                "0",
                "1",
                "2"
              ],
              "Q1": "1"
            },
            "symbol": "Q2"
          },
          {
            "kind": "sse1",
            "donor": {
              "Q2": [
                "1",
                "2",
                "3"
              ],
              "Q0": "2"
            },
            "target": {
              "Q0": [
                "1",
                "2",
                "3"
              ],
              "Q1": "3"
            },
            "symbol": "Q2"
          },
          {
            "kind": "sse1",
            "donor": {
              "Q1": [
                "1",
                "2",
                "3"
              ],
              "Q2": "1"
            },
            "target": {
              "Q2": [
                "1",
                "2",
                "3"
              ],
              "Q0": "2"
            },
            "symbol": "Q1"
          },
          {
            "kind": "sse1",
            "donor": {
              "Q0": [
                "0",
                "1",
                "2"
              ],
              "Q1": "1"
            },
            "target": {
              "Q1": [
                "0",
                "1",
                "3"
              ],
              "Q2": "2"
            },
            "symbol": "Q0"
          },
          {
            "kind": "sse1",
            "donor": {
              "Q0": [
                "1",
                "2",
                "3"
              ],
              "Q1": "3"
            },
            "target": {
              "Q1": [
                "0",
                "1",
                "3"
              ],
              "Q2": "2"
            },
            "symbol": "Q0"
          },
          {
            "kind": "sse1",
            "donor": {
              "Q1": [
                "0",
                "1",
                "3"
              ],
              "Q2": "2"
            },
            "target": {
              "Q2": [
                "0",
                "1",
                "2"
              ],
              "Q0": "1"
            },
            "symbol": "Q1"
          },
          {
            "kind": "sse1",
            "donor": {
              "Q1": [
                "0",
                "1",
                "3"
              ],
              "Q2": "2"
            },
            "target": {
              "Q2": [
                "1",
                "2",
                "3"
              ],
              "Q0": "2"
            },
            "symbol": "Q1"
          },
          {
            "kind": "sse1",
            "donor": {
              "Q2": [
                "0",
                "2",
                "3"
              ],
              "Q0": "3"
            },
            "target": {
              "Q0": [
                "0",
                "1",
                "3"
              ],
              "Q1": "2"
            },
            "symbol": "Q2"
          },
          {
            "kind": "sse1",
            "donor": {
              "Q2": [
                "0",
                "2",
                "3"
              ],
              "Q0": "3"
            },
            "target": {
              "Q0": [
                "1",
                "2",
                "3"
              ],
              "Q1": "3"
            },
            "symbol": "Q2"
          },
          {
            "kind": "sse1",
            "donor": {
              "Q1": [
                "0",
                "1",
                "2"
              ],
              "Q2": "0"
            },
            "target": {
              "Q2": [
                "0",
                "2",
                "3"
              ],
              "Q0": "3"
            },
            "symbol": "Q1"
          },
          {
            "kind": "sse1",
            "donor": {
              "Q1": [
                "0",
                "1",
                "3"
              ],
              "Q2": "2"
            },
            "target": {
              "Q2": [
                "0",
                "2",
                "3"
              ],
              "Q0": "3"
            },
            "symbol": "Q1"
          },
          {
            "kind": "sse1",
            "donor": {
              "Q0": [
                "0",
                "1",
                "3"
              ],
              "Q1": "2"
            },
            "target": {
              "Q1": [
                "0",
                "2",
                "3"
              ],
              "Q2": "3"
            },
            "symbol": "Q0"
          },
          {
            "kind": "sse1",
            "donor": {
              "Q0": [
                "1",
                "2",
                "3"
              ],
              "Q1": "3"
            },
            "target": {
              "Q1": [
                "0",
                "2",
                "3"
              ],
              "Q2": "3"
            },
            "symbol": "Q0"
          },
          {
            "kind": "sse1",
            "donor": {
              "Q1": [
                "0",
                "2",
                "3"
              ],
              "Q2": "3"
            },
            "target": {
              "Q2": [
                "1",
                "2",
                "3"
              ],
              "Q0": "2"
            },
            "symbol": "Q1"
          },
          {
            "kind": "sse1",
            "donor": {
              "Q1": [
                "0",
                "2",
                "3"
              ],
              "Q2": "3"
            },
            "target": {
              "Q2": [
                "0",
                "2",
                "3"
              ],
              "Q0": "3"
            },
            "symbol": "Q1"
          },
          {
            "kind": "sse1",
            "donor": {
              "Q0": [
                "0",
                "2",
                "3"
              ],
              "Q1": "0"
            },
            "target": {
              "Q1": [
                "0",
                "1",
                "2"
              ],
              "Q2": "0"
            },
            "symbol": "Q0"
          },
          {
            "kind": "sse1",
            "donor": {
              "Q2": [
                "1",
                "2",
                "3"
              ],
              "Q0": "2"
            },
            "target": {
              "Q0": [
                "0",
                "2",
                "3"
              ],
              "Q1": "0"
            },
            "symbol": "Q2"
          },
          {
            "kind": "sse1",
            "donor": {
              "Q0": [
                "0",
                "2",
                "3"
              ],
              "Q1": "0"
            },
            "target": {
              "Q1": [
                "0",
                "1",
                "3"
              ],
              "Q2": "2"
            },
            "symbol": "Q0"
          },
          {
            "kind": "sse1",
            "donor": {
              "Q2": [
                "0",
                "2",
                "3"
              ],
              "Q0": "3"
            },
            "target": {
              "Q0": [
                "0",
                "2",
                "3"
              ],
              "Q1": "0"
            },
            "symbol": "Q2"
          },
          {
            "kind": "sse1",
            "donor": {
              "Q0": [
                "0",
                "2",
                "3"
              ],
              "Q1": "0"
            },
            "target": {
              "Q1": [
                "0",
                "2",
                "3"
              ],
              "Q2": "3"
            },
            "symbol": "Q0"
          },
          {
            "kind": "sse1",
            "donor": {
              "Q2": [
                "0",
                "1",
                "3"
              ],
              "Q0": "0"
            },
            "target": {
              "Q0": [
                "0",
                "1",
                "2"
              ],
              "Q1": "1"
            },
            "symbol": "Q2"
          },
          {
            "kind": "sse1",
            "donor": {
              "Q2": [
                "0",
                "1",
                "3"
              ],
              "Q0": "0"
            },
            "target": {
              "Q0": [
                "0",
                "1",
                "3"
              ],
              "Q1": "2"
            },
            "symbol": "Q2"
          },
          {
            "kind": "sse1",
            "donor": {
              "Q1": [
                "0",
                "1",
                "2"
              ],
              "Q2": "0"
            },
            "target": {
              "Q2": [
                "0",
                "1",
                "3"
              ],
              "Q0": "0"
            },
            "symbol": "Q1"
          },
          {
            "kind": "sse1",
            "donor": {
              "Q1": [
                "1",
                "2",
                "3"
              ],
              "Q2": "1"
            },
            "target": {
              "Q2": [
                "0",
                "1",
                "3"
              ],
              "Q0": "0"
            },
            "symbol": "Q1"
          },
          {
            "kind": "sse1",
            "donor": {
              "Q1": [
                "0",
                "2",
                "3"
              ],
              "Q2": "3"
            },
            "target": {
              "Q2": [
                "0",
                "1",
                "3"
              ],
              "Q0": "0"
            },
            "symbol": "Q1"
          },
          {
            "kind": "sse1",
            "donor": {
              "Q2": [
                "0",
                "1",
                "3"
              ],
              "Q0": "0"
            },
            "target": {
              "Q0": [
                "0",
                "2",
                "3"
              ],
              "Q1": "0"
            },
            "symbol": "Q2"
          },
          {
            "kind": "sse2",
            "donor_a": {
              "Q0": [
                "1",
                "2",
                "3"
              ],
              "Q1": "3"
            },
            "donor_b": {
              "Q0": [
                "0",
                "1",
                "3"
              ],
              "Q1": "2"
            },
            "target": {
              "Q0": [
                "0",
                "1",
                "2"
              ],
              "Q1": "1"
            },
            "intersect_symbol": "Q1",
            "restrict_symbol": "Q0"
          },
          {
            "kind": "sse2",
            "donor_a": {
              "Q0": [
                "0",
                "2",
                "3"
              ],
              "Q1": "0"
            },
            "donor_b": {
              "Q0": [
                "0",
                "1",
                "3"
              ],
              "Q1": "2"
            },
            "target": {
              "Q0": [
                "0",
                "1",
                "2"
              ],
              "Q1": "1"
            },
            "intersect_symbol": "Q1",
            "restrict_symbol": "Q0"
          },
          {
            "kind": "sse2",
            "donor_a": {
              "Q0": [
                "0",
                "1",
                "3"
              ],
              "Q1": "2"
            },
            "donor_b": {
              "Q0": [
                "1",
                "2",
                "3"
              ],
              "Q1": "3"
            },
            "target": {
              "Q0": [
                "0",
                "1",
                "2"
              ],
              "Q1": "1"
            },
            "intersect_symbol": "Q1",
            "restrict_symbol": "Q0"
          },
          {
            "kind": "sse2",
            "donor_a": {
              "Q0": [
                "0",
                "2",
                "3"
              ],
              "Q1": "0"
            },
            "donor_b": {
              "Q0": [
                "1",
                "2",
                "3"
              ],
              "Q1": "3"
            },
            "target": {
              "Q0": [
                "0",
                "1",
                "2"
              ],
              "Q1": "1"
            },
            "intersect_symbol": "Q1",
            "restrict_symbol": "Q0"
          },
          {
            "kind": "sse2",
            "donor_a": {
              "Q2": [
                "0",
                "1",
                "2"
              ],
              "Q0": "1"
            },
            "donor_b": {
              "Q1": [
                "0",
                "2",
                "3"
              ],
              "Q2": "3"
            },
            "target": {
              "Q0": [
                "0",
                "1",
                "2"
              ],
              "Q1": "1"
            },
            "intersect_symbol": "Q2",
            "restrict_symbol": "Q1"
          },
          {
            "kind": "sse2",
            "donor_a": {
              "Q0": [
                "0",
                "1"
              ],
              "Q1": "2"
            },
            "donor_b": {
              "Q2": [
                "1",
                "2",
                "3"
              ],
              "Q0": "2"
            },
            "target": {
              "Q1": [
                "0",
                "1",
                "2"
              ],
              "Q2": "0"
            },
            "intersect_symbol": "Q0",
            "restrict_symbol": "Q2"
          },
          {
            "kind": "sse1",
            "donor": {
              "Q0": "1",
              "Q1": "2"
            },
            "target": {
              "Q2": [
                "0",
                "1",
                "2"
              ],
              "Q0": "1"
            },
            "symbol": "Q1"
          },
          {
            "kind": "sse2",
            "donor_a": {
              "Q0": "1",
              "Q1": "2"
            },
            "donor_b": {
              "Q2": [
                "0",
                "2",
                "3"
              ],
              "Q0": "3"
            },
            "target": {
              "Q1": [
                "1",
                "2",
                "3"
              ],
              "Q2": "1"
            },
            "intersect_symbol": "Q0",
            "restrict_symbol": "Q2"
          },
          {
            "kind": "sse2",
            "donor_a": {
              "Q1": "1",
              "Q2": "2"
            },
            "donor_b": {
              "Q1": [
                "0",
                "2",
                "3"
              ],
              "Q2": "3"
            },
            "target": {
              "Q2": [
                "0",
                "1",
                "2"
              ],
              "Q0": "1"
            },
            "intersect_symbol": "Q1",
            "restrict_symbol": "Q2"
          },
          {
            "kind": "sse1",
            "donor": {
              "Q2": "2",
              "Q0": "1"
            },
            "target": {
              "Q2": [
                "1",
                "2",
                "3"
              ],
              "Q0": "2"
            },
            "symbol": "Q0"
          },
          {
            "kind": "sse2",
            "donor_a": {
              "Q2": [
                "1",
                "3"
              ],
              "Q0": "0"
            },
            "donor_b": {
              "Q1": "1",
              "Q2": "2"
            },
            "target": {
              "Q0": "1",
              "Q1": "2"
            },
            "intersect_symbol": "Q2",
            "restrict_symbol": "Q1"
          }
        ],
        "seconds": 0.0109999999999957
      }
    }
  ]
}
