{
  "regressions": [
    {
      "file": "minimized_subsumption.json",
      "original": [
        {
          "X0": "2"
        },
        {
          "X2": "2",
          "X0": "2"
        }
      ],
      "candidate": [
        {
          "X0": "2"
        }
      ],
      "remaining": []
    },
    {
      "file": "minimized_sse1.json",
      "original": [
        {
          "X0": "3",
          "X2": "4"
        },
        {
          "X1": "3",
          "X0": "2"
        },
        {
          "X0": "5",
          "X2": [
            "4",
            "2"
          ]
        }
      ],
      "candidate": [
        {
          "X0": "3",
          "X2": "4"
        },
        {
          "X1": "3",
          "X0": "2"
        },
        {
          "X0": "5",
          "X2": [
            "4",
            "2"
          ]
        }
      ],
      "remaining": [
        {
          "kind": "sse1",
          "donor": 0,
          "target": 2,
          "symbol": "X0",
          "removed": [
            "5"
          ]
        }
      ]
    },
    {
      "file": "minimized_sse2.json",
      "original": [
        {
          "X0": [
            "5",
            "4",
            "0"
          ],
          "X2": [
            "2",
            "4"
          ]
        },
        {
          "X2": [
            "2",
            "1"
          ],
          "X1": "6"
        },
        {
          "X0": "1",
          "X2": [
            "0",
            "1"
          ]
        },
        {
          "X2": "0",
          "X0": [
            "1",
            "4"
          ]
        },
        {
          "X0": [
            "4",
            "0"
          ],
          "X1": [
            "0",
            "6"
          ]
        }
      ],
      "candidate": [
        {
          "X0": [
            "5",
            "4",
            "0"
          ],
          "X2": [
            "2",
            "4"
          ]
        },
        {
          "X2": [
            "2",
            "1"
          ],
          "X1": "6"
        },
        {
          "X0": "1",
          "X2": [
            "0",
            "1"
          ]
        },
        {
          "X2": "0",
          "X0": [
            "1",
            "4"
          ]
        },
        {
          "X0": [
            "4",
            "0"
          ],
          "X1": [
            "0",
            "6"
          ]
        }
      ],
      "remaining": [
        {
          "kind": "sse2",
          "donor_a": 1,
          "donor_b": 3,
          "target": 4,
          "intersect_symbol": "X2",
          "restrict_symbol": "X0",
          "removed": [
            "0"
          ]
        }
      ]
    },
    {
      "file": "directed_oneend_shrink_min.json",
      "original": [
        {
          "T": [
            "0",
            "1",
            "2"
          ],
          "C": "0"
        },
        {
          "S": "0",
          "T": "0"
        },
        {
          "S": "1",
          "T": [
            "2",
            "3"
          ]
        },
        {
          "U": "1",
          "T": [
            "0",
            "2"
          ]
        }
      ],
      "candidate": [
        {
          "T": [
            "0",
            "1",
            "2"
          ],
          "C": "0"
        },
        {
          "S": "0",
          "T": "0"
        },
        {
          "S": "1",
          "T": [
            "2",
            "3"
          ]
        },
        {
          "U": "1",
          "T": [
            "0",
            "2"
          ]
        }
      ],
      "remaining": [
        {
          "kind": "sse2",
          "donor_a": 1,
          "donor_b": 2,
          "target": 0,
          "intersect_symbol": "S",
          "restrict_symbol": "T",
          "removed": [
            "1"
          ]
        }
      ]
    }
  ],
  "all_order_selector_cases": 96
}
